Archive member included to satisfy reference by file (symbol)

C:/ST/STM32CubeIDE_1.17.0/STM32CubeIDE/plugins/com.st.stm32cube.ide.mcu.externaltools.gnu-tools-for-stm32.13.3.rel1.win32_1.0.0.202411081344/tools/bin/../lib/gcc/arm-none-eabi/13.3.1/../../../../arm-none-eabi/lib/thumb/v7-m/nofp\libc_nano.a(libc_a-exit.o)
                              C:/ST/STM32CubeIDE_1.17.0/STM32CubeIDE/plugins/com.st.stm32cube.ide.mcu.externaltools.gnu-tools-for-stm32.13.3.rel1.win32_1.0.0.202411081344/tools/bin/../lib/gcc/arm-none-eabi/13.3.1/../../../../arm-none-eabi/lib/thumb/v7-m/nofp/crt0.o (exit)
C:/ST/STM32CubeIDE_1.17.0/STM32CubeIDE/plugins/com.st.stm32cube.ide.mcu.externaltools.gnu-tools-for-stm32.13.3.rel1.win32_1.0.0.202411081344/tools/bin/../lib/gcc/arm-none-eabi/13.3.1/../../../../arm-none-eabi/lib/thumb/v7-m/nofp\libc_nano.a(libc_a-findfp.o)
                              C:/ST/STM32CubeIDE_1.17.0/STM32CubeIDE/plugins/com.st.stm32cube.ide.mcu.externaltools.gnu-tools-for-stm32.13.3.rel1.win32_1.0.0.202411081344/tools/bin/../lib/gcc/arm-none-eabi/13.3.1/../../../../arm-none-eabi/lib/thumb/v7-m/nofp\libc_nano.a(libc_a-exit.o) (__stdio_exit_handler)
C:/ST/STM32CubeIDE_1.17.0/STM32CubeIDE/plugins/com.st.stm32cube.ide.mcu.externaltools.gnu-tools-for-stm32.13.3.rel1.win32_1.0.0.202411081344/tools/bin/../lib/gcc/arm-none-eabi/13.3.1/../../../../arm-none-eabi/lib/thumb/v7-m/nofp\libc_nano.a(libc_a-fwalk.o)
                              C:/ST/STM32CubeIDE_1.17.0/STM32CubeIDE/plugins/com.st.stm32cube.ide.mcu.externaltools.gnu-tools-for-stm32.13.3.rel1.win32_1.0.0.202411081344/tools/bin/../lib/gcc/arm-none-eabi/13.3.1/../../../../arm-none-eabi/lib/thumb/v7-m/nofp\libc_nano.a(libc_a-findfp.o) (_fwalk_sglue)
C:/ST/STM32CubeIDE_1.17.0/STM32CubeIDE/plugins/com.st.stm32cube.ide.mcu.externaltools.gnu-tools-for-stm32.13.3.rel1.win32_1.0.0.202411081344/tools/bin/../lib/gcc/arm-none-eabi/13.3.1/../../../../arm-none-eabi/lib/thumb/v7-m/nofp\libc_nano.a(libc_a-printf.o)
                              ./Core/Src/main.o (printf)
C:/ST/STM32CubeIDE_1.17.0/STM32CubeIDE/plugins/com.st.stm32cube.ide.mcu.externaltools.gnu-tools-for-stm32.13.3.rel1.win32_1.0.0.202411081344/tools/bin/../lib/gcc/arm-none-eabi/13.3.1/../../../../arm-none-eabi/lib/thumb/v7-m/nofp\libc_nano.a(libc_a-puts.o)
                              ./Core/Src/main.o (puts)
C:/ST/STM32CubeIDE_1.17.0/STM32CubeIDE/plugins/com.st.stm32cube.ide.mcu.externaltools.gnu-tools-for-stm32.13.3.rel1.win32_1.0.0.202411081344/tools/bin/../lib/gcc/arm-none-eabi/13.3.1/../../../../arm-none-eabi/lib/thumb/v7-m/nofp\libc_nano.a(libc_a-stdio.o)
                              C:/ST/STM32CubeIDE_1.17.0/STM32CubeIDE/plugins/com.st.stm32cube.ide.mcu.externaltools.gnu-tools-for-stm32.13.3.rel1.win32_1.0.0.202411081344/tools/bin/../lib/gcc/arm-none-eabi/13.3.1/../../../../arm-none-eabi/lib/thumb/v7-m/nofp\libc_nano.a(libc_a-findfp.o) (__sread)
C:/ST/STM32CubeIDE_1.17.0/STM32CubeIDE/plugins/com.st.stm32cube.ide.mcu.externaltools.gnu-tools-for-stm32.13.3.rel1.win32_1.0.0.202411081344/tools/bin/../lib/gcc/arm-none-eabi/13.3.1/../../../../arm-none-eabi/lib/thumb/v7-m/nofp\libc_nano.a(libc_a-wbuf.o)
                              C:/ST/STM32CubeIDE_1.17.0/STM32CubeIDE/plugins/com.st.stm32cube.ide.mcu.externaltools.gnu-tools-for-stm32.13.3.rel1.win32_1.0.0.202411081344/tools/bin/../lib/gcc/arm-none-eabi/13.3.1/../../../../arm-none-eabi/lib/thumb/v7-m/nofp\libc_nano.a(libc_a-puts.o) (__swbuf_r)
C:/ST/STM32CubeIDE_1.17.0/STM32CubeIDE/plugins/com.st.stm32cube.ide.mcu.externaltools.gnu-tools-for-stm32.13.3.rel1.win32_1.0.0.202411081344/tools/bin/../lib/gcc/arm-none-eabi/13.3.1/../../../../arm-none-eabi/lib/thumb/v7-m/nofp\libc_nano.a(libc_a-wsetup.o)
                              C:/ST/STM32CubeIDE_1.17.0/STM32CubeIDE/plugins/com.st.stm32cube.ide.mcu.externaltools.gnu-tools-for-stm32.13.3.rel1.win32_1.0.0.202411081344/tools/bin/../lib/gcc/arm-none-eabi/13.3.1/../../../../arm-none-eabi/lib/thumb/v7-m/nofp\libc_nano.a(libc_a-puts.o) (__swsetup_r)
C:/ST/STM32CubeIDE_1.17.0/STM32CubeIDE/plugins/com.st.stm32cube.ide.mcu.externaltools.gnu-tools-for-stm32.13.3.rel1.win32_1.0.0.202411081344/tools/bin/../lib/gcc/arm-none-eabi/13.3.1/../../../../arm-none-eabi/lib/thumb/v7-m/nofp\libc_nano.a(libc_a-memset.o)
                              C:/ST/STM32CubeIDE_1.17.0/STM32CubeIDE/plugins/com.st.stm32cube.ide.mcu.externaltools.gnu-tools-for-stm32.13.3.rel1.win32_1.0.0.202411081344/tools/bin/../lib/gcc/arm-none-eabi/13.3.1/../../../../arm-none-eabi/lib/thumb/v7-m/nofp/crt0.o (memset)
C:/ST/STM32CubeIDE_1.17.0/STM32CubeIDE/plugins/com.st.stm32cube.ide.mcu.externaltools.gnu-tools-for-stm32.13.3.rel1.win32_1.0.0.202411081344/tools/bin/../lib/gcc/arm-none-eabi/13.3.1/../../../../arm-none-eabi/lib/thumb/v7-m/nofp\libc_nano.a(libc_a-closer.o)
[...]
Memory Configuration

Name             Origin             Length             Attributes
RAM              0x20000000         0x00005000         xrw
FLASH            0x08000000         0x00020000         xr
*default*        0x00000000         0xffffffff

Linker script and memory map

LOAD C:/ST/STM32CubeIDE_1.17.0/STM32CubeIDE/plugins/com.st.stm32cube.ide.mcu.externaltools.gnu-tools-for-stm32.13.3.rel1.win32_1.0.0.202411081344/tools/bin/../lib/gcc/arm-none-eabi/13.3.1/thumb/v7-m/nofp/crti.o
LOAD C:/ST/STM32CubeIDE_1.17.0/STM32CubeIDE/plugins/com.st.stm32cube.ide.mcu.externaltools.gnu-tools-for-stm32.13.3.rel1.win32_1.0.0.202411081344/tools/bin/../lib/gcc/arm-none-eabi/13.3.1/thumb/v7-m/nofp/crtbegin.o
LOAD C:/ST/STM32CubeIDE_1.17.0/STM32CubeIDE/plugins/com.st.stm32cube.ide.mcu.externaltools.gnu-tools-for-stm32.13.3.rel1.win32_1.0.0.202411081344/tools/bin/../lib/gcc/arm-none-eabi/13.3.1/../../../../arm-none-eabi/lib/thumb/v7-m/nofp/crt0.o
LOAD ./Core/Src/NRF24.o
LOAD ./Core/Src/adc.o
LOAD ./Core/Src/dma.o
LOAD ./Core/Src/gpio.o
LOAD ./Core/Src/main.o
LOAD ./Core/Src/spi.o
LOAD ./Core/Src/stm32f1xx_hal_msp.o
LOAD ./Core/Src/stm32f1xx_it.o
LOAD ./Core/Src/syscalls.o
LOAD ./Core/Src/sysmem.o
LOAD ./Core/Src/system_stm32f1xx.o
LOAD ./Core/Src/tim.o
LOAD ./Core/Src/usart.o
LOAD ./Core/Src/voice_proto.o
LOAD ./Core/Startup/startup_stm32f103rbtx.o
LOAD ./Drivers/STM32F1xx_HAL_Driver/Src/stm32f1xx_hal.o
LOAD ./Drivers/STM32F1xx_HAL_Driver/Src/stm32f1xx_hal_adc.o
LOAD ./Drivers/STM32F1xx_HAL_Driver/Src/stm32f1xx_hal_adc_ex.o
LOAD ./Drivers/STM32F1xx_HAL_Driver/Src/stm32f1xx_hal_cortex.o
LOAD ./Drivers/STM32F1xx_HAL_Driver/Src/stm32f1xx_hal_dma.o
LOAD ./Drivers/STM32F1xx_HAL_Driver/Src/stm32f1xx_hal_exti.o
LOAD ./Drivers/STM32F1xx_HAL_Driver/Src/stm32f1xx_hal_flash.o
LOAD ./Drivers/STM32F1xx_HAL_Driver/Src/stm32f1xx_hal_flash_ex.o
LOAD ./Drivers/STM32F1xx_HAL_Driver/Src/stm32f1xx_hal_gpio.o
LOAD ./Drivers/STM32F1xx_HAL_Driver/Src/stm32f1xx_hal_gpio_ex.o
LOAD ./Drivers/STM32F1xx_HAL_Driver/Src/stm32f1xx_hal_pwr.o
LOAD ./Drivers/STM32F1xx_HAL_Driver/Src/stm32f1xx_hal_rcc.o
LOAD ./Drivers/STM32F1xx_HAL_Driver/Src/stm32f1xx_hal_rcc_ex.o
LOAD ./Drivers/STM32F1xx_HAL_Driver/Src/stm32f1xx_hal_spi.o
LOAD ./Drivers/STM32F1xx_HAL_Driver/Src/stm32f1xx_hal_tim.o
LOAD ./Drivers/STM32F1xx_HAL_Driver/Src/stm32f1xx_hal_tim_ex.o
LOAD ./Drivers/STM32F1xx_HAL_Driver/Src/stm32f1xx_hal_uart.o
START GROUP
LOAD C:/ST/STM32CubeIDE_1.17.0/STM32CubeIDE/plugins/com.st.stm32cube.ide.mcu.externaltools.gnu-tools-for-stm32.13.3.rel1.win32_1.0.0.202411081344/tools/bin/../lib/gcc/arm-none-eabi/13.3.1/../../../../arm-none-eabi/lib/thumb/v7-m/nofp\libc_nano.a
LOAD C:/ST/STM32CubeIDE_1.17.0/STM32CubeIDE/plugins/com.st.stm32cube.ide.mcu.externaltools.gnu-tools-for-stm32.13.3.rel1.win32_1.0.0.202411081344/tools/bin/../lib/gcc/arm-none-eabi/13.3.1/../../../../arm-none-eabi/lib/thumb/v7-m/nofp\libm.a
END GROUP
START GROUP
LOAD C:/ST/STM32CubeIDE_1.17.0/STM32CubeIDE/plugins/com.st.stm32cube.ide.mcu.externaltools.gnu-tools-for-stm32.13.3.rel1.win32_1.0.0.202411081344/tools/bin/../lib/gcc/arm-none-eabi/13.3.1/thumb/v7-m/nofp\libgcc.a
LOAD C:/ST/STM32CubeIDE_1.17.0/STM32CubeIDE/plugins/com.st.stm32cube.ide.mcu.externaltools.gnu-tools-for-stm32.13.3.rel1.win32_1.0.0.202411081344/tools/bin/../lib/gcc/arm-none-eabi/13.3.1/../../../../arm-none-eabi/lib/thumb/v7-m/nofp\libc_nano.a
END GROUP
START GROUP
LOAD C:/ST/STM32CubeIDE_1.17.0/STM32CubeIDE/plugins/com.st.stm32cube.ide.mcu.externaltools.gnu-tools-for-stm32.13.3.rel1.win32_1.0.0.202411081344/tools/bin/../lib/gcc/arm-none-eabi/13.3.1/thumb/v7-m/nofp\libgcc.a
LOAD C:/ST/STM32CubeIDE_1.17.0/STM32CubeIDE/plugins/com.st.stm32cube.ide.mcu.externaltools.gnu-tools-for-stm32.13.3.rel1.win32_1.0.0.202411081344/tools/bin/../lib/gcc/arm-none-eabi/13.3.1/../../../../arm-none-eabi/lib/thumb/v7-m/nofp\libc_nano.a
LOAD C:/ST/STM32CubeIDE_1.17.0/STM32CubeIDE/plugins/com.st.stm32cube.ide.mcu.externaltools.gnu-tools-for-stm32.13.3.rel1.win32_1.0.0.202411081344/tools/bin/../lib/gcc/arm-none-eabi/13.3.1/../../../../arm-none-eabi/lib/thumb/v7-m/nofp\libnosys.a
END GROUP
START GROUP
LOAD C:/ST/STM32CubeIDE_1.17.0/STM32CubeIDE/plugins/com.st.stm32cube.ide.mcu.externaltools.gnu-tools-for-stm32.13.3.rel1.win32_1.0.0.202411081344/tools/bin/../lib/gcc/arm-none-eabi/13.3.1/thumb/v7-m/nofp\libgcc.a
LOAD C:/ST/STM32CubeIDE_1.17.0/STM32CubeIDE/plugins/com.st.stm32cube.ide.mcu.externaltools.gnu-tools-for-stm32.13.3.rel1.win32_1.0.0.202411081344/tools/bin/../lib/gcc/arm-none-eabi/13.3.1/../../../../arm-none-eabi/lib/thumb/v7-m/nofp\libc_nano.a
LOAD C:/ST/STM32CubeIDE_1.17.0/STM32CubeIDE/plugins/com.st.stm32cube.ide.mcu.externaltools.gnu-tools-for-stm32.13.3.rel1.win32_1.0.0.202411081344/tools/bin/../lib/gcc/arm-none-eabi/13.3.1/../../../../arm-none-eabi/lib/thumb/v7-m/nofp\libnosys.a
END GROUP
LOAD C:/ST/STM32CubeIDE_1.17.0/STM32CubeIDE/plugins/com.st.stm32cube.ide.mcu.externaltools.gnu-tools-for-stm32.13.3.rel1.win32_1.0.0.202411081344/tools/bin/../lib/gcc/arm-none-eabi/13.3.1/thumb/v7-m/nofp/crtend.o
LOAD C:/ST/STM32CubeIDE_1.17.0/STM32CubeIDE/plugins/com.st.stm32cube.ide.mcu.externaltools.gnu-tools-for-stm32.13.3.rel1.win32_1.0.0.202411081344/tools/bin/../lib/gcc/arm-none-eabi/13.3.1/thumb/v7-m/nofp/crtn.o
                0x20005000                        _estack = (ORIGIN (RAM) + LENGTH (RAM))
                0x00000200                        _Min_Heap_Size = 0x200
                0x00000400                        _Min_Stack_Size = 0x400

.isr_vector     0x08000000      0x10c
                0x08000000                        . = ALIGN (0x4)
 *(.isr_vector)
 .isr_vector    0x08000000      0x10c ./Core/Startup/startup_stm32f103rbtx.o
                0x08000000                g_pfnVectors
                0x0800010c                        . = ALIGN (0x4)

.text           0x0800010c     0x6bd8
                0x0800010c                        . = ALIGN (0x4)
 *(.text)
 .text          0x0800010c       0x40 C:/ST/STM32CubeIDE_1.17.0/STM32CubeIDE/plugins/com.st.stm32cube.ide.mcu.externaltools.gnu-tools-for-stm32.13.3.rel1.win32_1.0.0.202411081344/tools/bin/../lib/gcc/arm-none-eabi/13.3.1/thumb/v7-m/nofp/crtbegin.o
 *(.text*)
 .text.csn_high
                0x0800014c       0x18 ./Core/Src/NRF24.o
                0x0800014c                csn_high
 .text.csn_low  0x08000164       0x18 ./Core/Src/NRF24.o
                0x08000164                csn_low
 .text.ce_high  0x0800017c       0x18 ./Core/Src/NRF24.o
                0x0800017c                ce_high
 .text.ce_low   0x08000194       0x18 ./Core/Src/NRF24.o
                0x08000194                ce_low
 .text.nrf24_w_reg
                0x080001ac       0x50 ./Core/Src/NRF24.o
                0x080001ac                nrf24_w_reg
 .text.nrf24_r_reg
                0x080001fc       0x50 ./Core/Src/NRF24.o
                0x080001fc                nrf24_r_reg
 .text.nrf24_w_spec_cmd
                0x0800024c       0x24 ./Core/Src/NRF24.o
                0x0800024c                nrf24_w_spec_cmd
 .text.nrf24_pwr_up
                0x08000270       0x34 ./Core/Src/NRF24.o
                0x08000270                nrf24_pwr_up
 .text.nrf24_pwr_dwn
                0x080002a4       0x34 ./Core/Src/NRF24.o
                0x080002a4                nrf24_pwr_dwn
 .text.nrf24_tx_pwr
                0x080002d8       0x4e ./Core/Src/NRF24.o
                0x080002d8                nrf24_tx_pwr
 .text.nrf24_data_rate
                0x08000326       0x5c ./Core/Src/NRF24.o
                0x08000326                nrf24_data_rate
 .text.nrf24_set_channel
                0x08000382       0x1e ./Core/Src/NRF24.o
                0x08000382                nrf24_set_channel
 .text.nrf24_open_tx_pipe
                0x080003a0       0x1a ./Core/Src/NRF24.o
                0x080003a0                nrf24_open_tx_pipe
 *fill*         0x080003ba        0x2 
 .text.nrf24_pipe_pld_size
                0x080003bc       0x9c ./Core/Src/NRF24.o
                0x080003bc                nrf24_pipe_pld_size
 .text.nrf24_cls_rx_pipe
                0x08000458       0x46 ./Core/Src/NRF24.o
                0x08000458                nrf24_cls_rx_pipe
 .text.nrf24_set_crc
                0x0800049e       0x5c ./Core/Src/NRF24.o
                0x0800049e                nrf24_set_crc
 .text.nrf24_set_addr_width
                0x080004fa       0x26 ./Core/Src/NRF24.o
                0x080004fa                nrf24_set_addr_width
 .text.nrf24_flush_tx
                0x08000520       0x16 ./Core/Src/NRF24.o
                0x08000520                nrf24_flush_tx
 .text.nrf24_flush_rx
                0x08000536       0x16 ./Core/Src/NRF24.o
                0x08000536                nrf24_flush_rx
 .text.nrf24_r_status
                0x0800054c       0x38 ./Core/Src/NRF24.o
                0x0800054c                nrf24_r_status
 .text.nrf24_clear_rx_dr
                0x08000584       0x30 ./Core/Src/NRF24.o
                0x08000584                nrf24_clear_rx_dr
 .text.nrf24_clear_tx_ds
                0x080005b4       0x30 ./Core/Src/NRF24.o
                0x080005b4                nrf24_clear_tx_ds
 .text.nrf24_clear_max_rt
                0x080005e4       0x30 ./Core/Src/NRF24.o
                0x080005e4                nrf24_clear_max_rt
 .text.nrf24_stop_listen
                0x08000614       0x34 ./Core/Src/NRF24.o
                0x08000614                nrf24_stop_listen
 .text.nrf24_dpl
                0x08000648       0x48 ./Core/Src/NRF24.o
                0x08000648                nrf24_dpl
 .text.nrf24_set_rx_dpl
                0x08000690       0x74 ./Core/Src/NRF24.o
                0x08000690                nrf24_set_rx_dpl
 .text.nrf24_auto_ack
                0x08000704       0x74 ./Core/Src/NRF24.o
                0x08000704                nrf24_auto_ack
 .text.nrf24_auto_ack_all
                0x08000778       0x3c ./Core/Src/NRF24.o
                0x08000778                nrf24_auto_ack_all
 .text.nrf24_en_ack_pld
                0x080007b4       0x48 ./Core/Src/NRF24.o
                0x080007b4                nrf24_en_ack_pld
 .text.nrf24_en_dyn_ack
                0x080007fc       0x48 ./Core/Src/NRF24.o
                0x080007fc                nrf24_en_dyn_ack
 .text.nrf24_auto_retr_delay
                0x08000844       0x4a ./Core/Src/NRF24.o
                0x08000844                nrf24_auto_retr_delay
 .text.nrf24_auto_retr_limit
                0x0800088e       0x40 ./Core/Src/NRF24.o
                0x0800088e                nrf24_auto_retr_limit
 *fill*         0x080008ce        0x2 
 .text.nrf24_transmit
                0x080008d0       0x74 ./Core/Src/NRF24.o
                0x080008d0                nrf24_transmit
 .text.nrf24_defaults
                0x08000944       0xa8 ./Core/Src/NRF24.o
                0x08000944                nrf24_defaults
 .text.nrf24_init
                0x080009ec       0x20 ./Core/Src/NRF24.o
                0x080009ec                nrf24_init
 .text.MX_ADC1_Init
                0x08000a0c       0xb8 ./Core/Src/adc.o
                0x08000a0c                MX_ADC1_Init
 .text.HAL_ADC_MspInit
                0x08000ac4       0xe0 ./Core/Src/adc.o
                0x08000ac4                HAL_ADC_MspInit
 .text.MX_DMA_Init
                0x08000ba4       0x3c ./Core/Src/dma.o
                0x08000ba4                MX_DMA_Init
 .text.MX_GPIO_Init
                0x08000be0      0x10c ./Core/Src/gpio.o
                0x08000be0                MX_GPIO_Init
 .text.nrf24_set_payload_size
                0x08000cec       0x1c ./Core/Src/main.o
 .text.main     0x08000d08       0x70 ./Core/Src/main.o
                0x08000d08                main
 .text.SystemClock_Config
                0x08000d78       0xb6 ./Core/Src/main.o
                0x08000d78                SystemClock_Config
 .text.joystick_is_active
                0x08000e2e       0x58 ./Core/Src/main.o
 *fill*         0x08000e86        0x2 
 .text.nrf24_transmitter_setup
                0x08000e88       0x7c ./Core/Src/main.o
                0x08000e88                nrf24_transmitter_setup
 .text.__io_putchar
                0x08000f04       0x24 ./Core/Src/main.o
                0x08000f04                __io_putchar
 .text.transmit_sensor_data
                0x08000f28      0x264 ./Core/Src/main.o
                0x08000f28                transmit_sensor_data
 .text.HAL_GPIO_EXTI_Callback
                0x0800118c       0x50 ./Core/Src/main.o
                0x0800118c                HAL_GPIO_EXTI_Callback
 .text.HAL_TIM_PeriodElapsedCallback
                0x080011dc       0x2c ./Core/Src/main.o
                0x080011dc                HAL_TIM_PeriodElapsedCallback
 .text.HAL_ADC_ConvCpltCallback
                0x08001208       0x2c ./Core/Src/main.o
                0x08001208                HAL_ADC_ConvCpltCallback
 .text.HAL_ADC_ErrorCallback
                0x08001234       0x28 ./Core/Src/main.o
                0x08001234                HAL_ADC_ErrorCallback
 .text.HAL_UART_RxCpltCallback
                0x0800125c       0x3c ./Core/Src/main.o
                0x0800125c                HAL_UART_RxCpltCallback
 .text.HAL_UART_ErrorCallback
                0x08001298       0x30 ./Core/Src/main.o
                0x08001298                HAL_UART_ErrorCallback
 .text.Error_Handler
                0x080012c8        0xc ./Core/Src/main.o
                0x080012c8                Error_Handler
 .text.MX_SPI1_Init
                0x080012d4       0x6c ./Core/Src/spi.o
                0x080012d4                MX_SPI1_Init
 .text.HAL_SPI_MspInit
                0x08001340       0x94 ./Core/Src/spi.o
                0x08001340                HAL_SPI_MspInit
 .text.HAL_MspInit
                0x080013d4       0x64 ./Core/Src/stm32f1xx_hal_msp.o
                0x080013d4                HAL_MspInit
 .text.NMI_Handler
                0x08001438        0x8 ./Core/Src/stm32f1xx_it.o
                0x08001438                NMI_Handler
 .text.HardFault_Handler
                0x08001440        0x8 ./Core/Src/stm32f1xx_it.o
                0x08001440                HardFault_Handler
 .text.MemManage_Handler
                0x08001448        0x8 ./Core/Src/stm32f1xx_it.o
                0x08001448                MemManage_Handler
 .text.BusFault_Handler
                0x08001450        0x8 ./Core/Src/stm32f1xx_it.o
                0x08001450                BusFault_Handler
 .text.UsageFault_Handler
                0x08001458        0x8 ./Core/Src/stm32f1xx_it.o
                0x08001458                UsageFault_Handler
 .text.SVC_Handler
                0x08001460        0xc ./Core/Src/stm32f1xx_it.o
                0x08001460                SVC_Handler
 .text.DebugMon_Handler
                0x0800146c        0xc ./Core/Src/stm32f1xx_it.o
                0x0800146c                DebugMon_Handler
 .text.PendSV_Handler
                0x08001478        0xc ./Core/Src/stm32f1xx_it.o
                0x08001478                PendSV_Handler
 .text.SysTick_Handler
                0x08001484        0xc ./Core/Src/stm32f1xx_it.o
                0x08001484                SysTick_Handler
 .text.DMA1_Channel1_IRQHandler
                0x08001490       0x14 ./Core/Src/stm32f1xx_it.o
                0x08001490                DMA1_Channel1_IRQHandler
 .text.ADC1_2_IRQHandler
                0x080014a4       0x14 ./Core/Src/stm32f1xx_it.o
                0x080014a4                ADC1_2_IRQHandler
 .text.EXTI9_5_IRQHandler
                0x080014b8        0xe ./Core/Src/stm32f1xx_it.o
                0x080014b8                EXTI9_5_IRQHandler
 *fill*         0x080014c6        0x2 
 .text.TIM2_IRQHandler
                0x080014c8       0x14 ./Core/Src/stm32f1xx_it.o
                0x080014c8                TIM2_IRQHandler
 .text.USART3_IRQHandler
                0x080014dc       0x14 ./Core/Src/stm32f1xx_it.o
                0x080014dc                USART3_IRQHandler
 .text._read    0x080014f0       0x3a ./Core/Src/syscalls.o
                0x080014f0                _read
 .text._write   0x0800152a       0x38 ./Core/Src/syscalls.o
                0x0800152a                _write
 .text._close   0x08001562       0x16 ./Core/Src/syscalls.o
                0x08001562                _close
 .text._fstat   0x08001578       0x1e ./Core/Src/syscalls.o
                0x08001578                _fstat
 .text._isatty  0x08001596       0x14 ./Core/Src/syscalls.o
                0x08001596                _isatty
 .text._lseek   0x080015aa       0x18 ./Core/Src/syscalls.o
                0x080015aa                _lseek
 *fill*         0x080015c2        0x2 
 .text._sbrk    0x080015c4       0x6c ./Core/Src/sysmem.o
                0x080015c4                _sbrk
 .text.SystemInit
                0x08001630        0xc ./Core/Src/system_stm32f1xx.o
                0x08001630                SystemInit
 .text.MX_TIM2_Init
                0x0800163c       0x98 ./Core/Src/tim.o
                0x0800163c                MX_TIM2_Init
 .text.HAL_TIM_Base_MspInit
                0x080016d4       0x48 ./Core/Src/tim.o
                0x080016d4                HAL_TIM_Base_MspInit
 .text.MX_USART2_UART_Init
                0x0800171c       0x54 ./Core/Src/usart.o
                0x0800171c                MX_USART2_UART_Init
 .text.MX_USART3_UART_Init
                0x08001770       0x54 ./Core/Src/usart.o
                0x08001770                MX_USART3_UART_Init
 .text.HAL_UART_MspInit
                0x080017c4      0x11c ./Core/Src/usart.o
                0x080017c4                HAL_UART_MspInit
 .text.Voice_CalcChecksum
                0x080018e0       0x3c ./Core/Src/voice_proto.o
                0x080018e0                Voice_CalcChecksum
 .text.Voice_ValidateRaw6
                0x0800191c       0x58 ./Core/Src/voice_proto.o
                0x0800191c                Voice_ValidateRaw6
 .text.Voice_Init
                0x08001974       0x2c ./Core/Src/voice_proto.o
                0x08001974                Voice_Init
 .text.Voice_RxByteFromIRQ
                0x080019a0      0x140 ./Core/Src/voice_proto.o
                0x080019a0                Voice_RxByteFromIRQ
 .text.Voice_FrameAvailable
                0x08001ae0       0x18 ./Core/Src/voice_proto.o
                0x08001ae0                Voice_FrameAvailable
 .text.Voice_TryPopFrame
                0x08001af8       0xb4 ./Core/Src/voice_proto.o
                0x08001af8                Voice_TryPopFrame
 .text.Reset_Handler
                0x08001bac       0x48 ./Core/Startup/startup_stm32f103rbtx.o
                0x08001bac                Reset_Handler
 .text.Default_Handler
                0x08001bf4        0x2 ./Core/Startup/startup_stm32f103rbtx.o
                0x08001bf4                RTC_Alarm_IRQHandler
                0x08001bf4                EXTI2_IRQHandler
                0x08001bf4                TIM1_CC_IRQHandler
                0x08001bf4                PVD_IRQHandler
                0x08001bf4                EXTI3_IRQHandler
                0x08001bf4                EXTI0_IRQHandler
                0x08001bf4                I2C2_EV_IRQHandler
                0x08001bf4                SPI1_IRQHandler
                0x08001bf4                TAMPER_IRQHandler
                0x08001bf4                DMA1_Channel4_IRQHandler
                0x08001bf4                RTC_IRQHandler
                0x08001bf4                DMA1_Channel7_IRQHandler
                0x08001bf4                CAN1_RX1_IRQHandler
                0x08001bf4                TIM4_IRQHandler
                0x08001bf4                I2C1_EV_IRQHandler
                0x08001bf4                DMA1_Channel6_IRQHandler
                0x08001bf4                TIM3_IRQHandler
                0x08001bf4                RCC_IRQHandler
                0x08001bf4                TIM1_TRG_COM_IRQHandler
                0x08001bf4                Default_Handler
                0x08001bf4                EXTI15_10_IRQHandler
                0x08001bf4                SPI2_IRQHandler
                0x08001bf4                DMA1_Channel5_IRQHandler
                0x08001bf4                EXTI4_IRQHandler
                0x08001bf4                USB_LP_CAN1_RX0_IRQHandler
                0x08001bf4                USB_HP_CAN1_TX_IRQHandler
                0x08001bf4                DMA1_Channel3_IRQHandler
                0x08001bf4                TIM1_UP_IRQHandler
                0x08001bf4                WWDG_IRQHandler
                0x08001bf4                TIM1_BRK_IRQHandler
                0x08001bf4                EXTI1_IRQHandler
                0x08001bf4                USART2_IRQHandler
                0x08001bf4                I2C2_ER_IRQHandler
                0x08001bf4                DMA1_Channel2_IRQHandler
                0x08001bf4                CAN1_SCE_IRQHandler
                0x08001bf4                FLASH_IRQHandler
                0x08001bf4                USART1_IRQHandler
                0x08001bf4                I2C1_ER_IRQHandler
                0x08001bf4                USBWakeUp_IRQHandler
 *fill*         0x08001bf6        0x2 
 .text.HAL_Init
                0x08001bf8       0x2c ./Drivers/STM32F1xx_HAL_Driver/Src/stm32f1xx_hal.o
                0x08001bf8                HAL_Init
 .text.HAL_InitTick
                0x08001c24       0x60 ./Drivers/STM32F1xx_HAL_Driver/Src/stm32f1xx_hal.o
                0x08001c24                HAL_InitTick
 .text.HAL_IncTick
                0x08001c84       0x24 ./Drivers/STM32F1xx_HAL_Driver/Src/stm32f1xx_hal.o
                0x08001c84                HAL_IncTick
 .text.HAL_GetTick
                0x08001ca8       0x14 ./Drivers/STM32F1xx_HAL_Driver/Src/stm32f1xx_hal.o
                0x08001ca8                HAL_GetTick
 .text.HAL_Delay
                0x08001cbc       0x48 ./Drivers/STM32F1xx_HAL_Driver/Src/stm32f1xx_hal.o
                0x08001cbc                HAL_Delay
 .text.HAL_ADC_Init
                0x08001d04      0x1b0 ./Drivers/STM32F1xx_HAL_Driver/Src/stm32f1xx_hal_adc.o
                0x08001d04                HAL_ADC_Init
 .text.HAL_ADC_Start_DMA
                0x08001eb4      0x1bc ./Drivers/STM32F1xx_HAL_Driver/Src/stm32f1xx_hal_adc.o
                0x08001eb4                HAL_ADC_Start_DMA
 .text.HAL_ADC_Stop_DMA
                0x08002070       0x98 ./Drivers/STM32F1xx_HAL_Driver/Src/stm32f1xx_hal_adc.o
                0x08002070                HAL_ADC_Stop_DMA
 .text.HAL_ADC_IRQHandler
                0x08002108      0x17e ./Drivers/STM32F1xx_HAL_Driver/Src/stm32f1xx_hal_adc.o
                0x08002108                HAL_ADC_IRQHandler
 .text.HAL_ADC_ConvHalfCpltCallback
                0x08002286       0x12 ./Drivers/STM32F1xx_HAL_Driver/Src/stm32f1xx_hal_adc.o
                0x08002286                HAL_ADC_ConvHalfCpltCallback
 .text.HAL_ADC_LevelOutOfWindowCallback
                0x08002298       0x12 ./Drivers/STM32F1xx_HAL_Driver/Src/stm32f1xx_hal_adc.o
                0x08002298                HAL_ADC_LevelOutOfWindowCallback
 *fill*         0x080022aa        0x2 
 .text.HAL_ADC_ConfigChannel
                0x080022ac      0x1f0 ./Drivers/STM32F1xx_HAL_Driver/Src/stm32f1xx_hal_adc.o
                0x080022ac                HAL_ADC_ConfigChannel
 .text.ADC_Enable
                0x0800249c       0xb4 ./Drivers/STM32F1xx_HAL_Driver/Src/stm32f1xx_hal_adc.o
                0x0800249c                ADC_Enable
 .text.ADC_ConversionStop_Disable
                0x08002550       0x82 ./Drivers/STM32F1xx_HAL_Driver/Src/stm32f1xx_hal_adc.o
                0x08002550                ADC_ConversionStop_Disable
 .text.ADC_DMAConvCplt
                0x080025d2       0x7c ./Drivers/STM32F1xx_HAL_Driver/Src/stm32f1xx_hal_adc.o
                0x080025d2                ADC_DMAConvCplt
 .text.ADC_DMAHalfConvCplt
                0x0800264e       0x1c ./Drivers/STM32F1xx_HAL_Driver/Src/stm32f1xx_hal_adc.o
                0x0800264e                ADC_DMAHalfConvCplt
 .text.ADC_DMAError
                0x0800266a       0x34 ./Drivers/STM32F1xx_HAL_Driver/Src/stm32f1xx_hal_adc.o
                0x0800266a                ADC_DMAError
 *fill*         0x0800269e        0x2 
 .text.HAL_ADCEx_Calibration_Start
                0x080026a0      0x15c ./Drivers/STM32F1xx_HAL_Driver/Src/stm32f1xx_hal_adc_ex.o
                0x080026a0                HAL_ADCEx_Calibration_Start
 .text.HAL_ADCEx_InjectedConvCpltCallback
                0x080027fc       0x12 ./Drivers/STM32F1xx_HAL_Driver/Src/stm32f1xx_hal_adc_ex.o
                0x080027fc                HAL_ADCEx_InjectedConvCpltCallback
 *fill*         0x0800280e        0x2 
 .text.__NVIC_SetPriorityGrouping
                0x08002810       0x48 ./Drivers/STM32F1xx_HAL_Driver/Src/stm32f1xx_hal_cortex.o
 .text.__NVIC_GetPriorityGrouping
                0x08002858       0x1c ./Drivers/STM32F1xx_HAL_Driver/Src/stm32f1xx_hal_cortex.o
 .text.__NVIC_EnableIRQ
                0x08002874       0x38 ./Drivers/STM32F1xx_HAL_Driver/Src/stm32f1xx_hal_cortex.o
 .text.__NVIC_SetPriority
                0x080028ac       0x54 ./Drivers/STM32F1xx_HAL_Driver/Src/stm32f1xx_hal_cortex.o
 .text.NVIC_EncodePriority
                0x08002900       0x64 ./Drivers/STM32F1xx_HAL_Driver/Src/stm32f1xx_hal_cortex.o
 .text.SysTick_Config
                0x08002964       0x44 ./Drivers/STM32F1xx_HAL_Driver/Src/stm32f1xx_hal_cortex.o
 .text.HAL_NVIC_SetPriorityGrouping
                0x080029a8       0x16 ./Drivers/STM32F1xx_HAL_Driver/Src/stm32f1xx_hal_cortex.o
                0x080029a8                HAL_NVIC_SetPriorityGrouping
 .text.HAL_NVIC_SetPriority
                0x080029be       0x38 ./Drivers/STM32F1xx_HAL_Driver/Src/stm32f1xx_hal_cortex.o
                0x080029be                HAL_NVIC_SetPriority
 .text.HAL_NVIC_EnableIRQ
                0x080029f6       0x1c ./Drivers/STM32F1xx_HAL_Driver/Src/stm32f1xx_hal_cortex.o
                0x080029f6                HAL_NVIC_EnableIRQ
 .text.HAL_SYSTICK_Config
                0x08002a12       0x18 ./Drivers/STM32F1xx_HAL_Driver/Src/stm32f1xx_hal_cortex.o
                0x08002a12                HAL_SYSTICK_Config
 *fill*         0x08002a2a        0x2 
 .text.HAL_DMA_Init
                0x08002a2c       0xb4 ./Drivers/STM32F1xx_HAL_Driver/Src/stm32f1xx_hal_dma.o
                0x08002a2c                HAL_DMA_Init
 .text.HAL_DMA_Start_IT
                0x08002ae0       0xc0 ./Drivers/STM32F1xx_HAL_Driver/Src/stm32f1xx_hal_dma.o
                0x08002ae0                HAL_DMA_Start_IT
 .text.HAL_DMA_Abort
                0x08002ba0       0x76 ./Drivers/STM32F1xx_HAL_Driver/Src/stm32f1xx_hal_dma.o
                0x08002ba0                HAL_DMA_Abort
 *fill*         0x08002c16        0x2 
 .text.HAL_DMA_Abort_IT
                0x08002c18       0xf0 ./Drivers/STM32F1xx_HAL_Driver/Src/stm32f1xx_hal_dma.o
                0x08002c18                HAL_DMA_Abort_IT
 .text.HAL_DMA_IRQHandler
                0x08002d08      0x20c ./Drivers/STM32F1xx_HAL_Driver/Src/stm32f1xx_hal_dma.o
                0x08002d08                HAL_DMA_IRQHandler
 .text.DMA_SetConfig
                0x08002f14       0x5a ./Drivers/STM32F1xx_HAL_Driver/Src/stm32f1xx_hal_dma.o
 *fill*         0x08002f6e        0x2 
 .text.HAL_GPIO_Init
                0x08002f70      0x308 ./Drivers/STM32F1xx_HAL_Driver/Src/stm32f1xx_hal_gpio.o
                0x08002f70                HAL_GPIO_Init
 .text.HAL_GPIO_WritePin
                0x08003278       0x30 ./Drivers/STM32F1xx_HAL_Driver/Src/stm32f1xx_hal_gpio.o
                0x08003278                HAL_GPIO_WritePin
 .text.HAL_GPIO_EXTI_IRQHandler
                0x080032a8       0x30 ./Drivers/STM32F1xx_HAL_Driver/Src/stm32f1xx_hal_gpio.o
                0x080032a8                HAL_GPIO_EXTI_IRQHandler
 .text.HAL_RCC_OscConfig
                0x080032d8      0x504 ./Drivers/STM32F1xx_HAL_Driver/Src/stm32f1xx_hal_rcc.o
                0x080032d8                HAL_RCC_OscConfig
 .text.HAL_RCC_ClockConfig
                0x080037dc      0x1d4 ./Drivers/STM32F1xx_HAL_Driver/Src/stm32f1xx_hal_rcc.o
                0x080037dc                HAL_RCC_ClockConfig
 .text.HAL_RCC_GetSysClockFreq
                0x080039b0       0xa8 ./Drivers/STM32F1xx_HAL_Driver/Src/stm32f1xx_hal_rcc.o
                0x080039b0                HAL_RCC_GetSysClockFreq
 .text.HAL_RCC_GetHCLKFreq
                0x08003a58       0x14 ./Drivers/STM32F1xx_HAL_Driver/Src/stm32f1xx_hal_rcc.o
                0x08003a58                HAL_RCC_GetHCLKFreq
 .text.HAL_RCC_GetPCLK1Freq
                0x08003a6c       0x28 ./Drivers/STM32F1xx_HAL_Driver/Src/stm32f1xx_hal_rcc.o
                0x08003a6c                HAL_RCC_GetPCLK1Freq
 .text.HAL_RCC_GetPCLK2Freq
                0x08003a94       0x28 ./Drivers/STM32F1xx_HAL_Driver/Src/stm32f1xx_hal_rcc.o
                0x08003a94                HAL_RCC_GetPCLK2Freq
 .text.RCC_Delay
                0x08003abc       0x3c ./Drivers/STM32F1xx_HAL_Driver/Src/stm32f1xx_hal_rcc.o
 .text.HAL_RCCEx_PeriphCLKConfig
                0x08003af8      0x16c ./Drivers/STM32F1xx_HAL_Driver/Src/stm32f1xx_hal_rcc_ex.o
                0x08003af8                HAL_RCCEx_PeriphCLKConfig
 .text.HAL_RCCEx_GetPeriphCLKFreq
                0x08003c64      0x16c ./Drivers/STM32F1xx_HAL_Driver/Src/stm32f1xx_hal_rcc_ex.o
                0x08003c64                HAL_RCCEx_GetPeriphCLKFreq
 .text.HAL_SPI_Init
                0x08003dd0      0x108 ./Drivers/STM32F1xx_HAL_Driver/Src/stm32f1xx_hal_spi.o
                0x08003dd0                HAL_SPI_Init
 .text.HAL_SPI_Transmit
                0x08003ed8      0x288 ./Drivers/STM32F1xx_HAL_Driver/Src/stm32f1xx_hal_spi.o
                0x08003ed8                HAL_SPI_Transmit
 .text.HAL_SPI_Receive
                0x08004160      0x232 ./Drivers/STM32F1xx_HAL_Driver/Src/stm32f1xx_hal_spi.o
                0x08004160                HAL_SPI_Receive
 .text.HAL_SPI_TransmitReceive
                0x08004392      0x352 ./Drivers/STM32F1xx_HAL_Driver/Src/stm32f1xx_hal_spi.o
                0x08004392                HAL_SPI_TransmitReceive
 .text.SPI_WaitFlagStateUntilTimeout
                0x080046e4      0x110 ./Drivers/STM32F1xx_HAL_Driver/Src/stm32f1xx_hal_spi.o
 .text.SPI_EndRxTransaction
                0x080047f4       0xa4 ./Drivers/STM32F1xx_HAL_Driver/Src/stm32f1xx_hal_spi.o
 .text.SPI_EndRxTxTransaction
                0x08004898       0x62 ./Drivers/STM32F1xx_HAL_Driver/Src/stm32f1xx_hal_spi.o
 .text.HAL_TIM_Base_Init
                0x080048fa       0x9e ./Drivers/STM32F1xx_HAL_Driver/Src/stm32f1xx_hal_tim.o
                0x080048fa                HAL_TIM_Base_Init
 .text.HAL_TIM_Base_Start_IT
                0x08004998       0xa4 ./Drivers/STM32F1xx_HAL_Driver/Src/stm32f1xx_hal_tim.o
                0x08004998                HAL_TIM_Base_Start_IT
 .text.HAL_TIM_IRQHandler
                0x08004a3c      0x1e0 ./Drivers/STM32F1xx_HAL_Driver/Src/stm32f1xx_hal_tim.o
                0x08004a3c                HAL_TIM_IRQHandler
 .text.HAL_TIM_ConfigClockSource
                0x08004c1c      0x18e ./Drivers/STM32F1xx_HAL_Driver/Src/stm32f1xx_hal_tim.o
                0x08004c1c                HAL_TIM_ConfigClockSource
 .text.HAL_TIM_OC_DelayElapsedCallback
                0x08004daa       0x12 ./Drivers/STM32F1xx_HAL_Driver/Src/stm32f1xx_hal_tim.o
                0x08004daa                HAL_TIM_OC_DelayElapsedCallback
 .text.HAL_TIM_IC_CaptureCallback
                0x08004dbc       0x12 ./Drivers/STM32F1xx_HAL_Driver/Src/stm32f1xx_hal_tim.o
                0x08004dbc                HAL_TIM_IC_CaptureCallback
 .text.HAL_TIM_PWM_PulseFinishedCallback
                0x08004dce       0x12 ./Drivers/STM32F1xx_HAL_Driver/Src/stm32f1xx_hal_tim.o
                0x08004dce                HAL_TIM_PWM_PulseFinishedCallback
 .text.HAL_TIM_TriggerCallback
                0x08004de0       0x12 ./Drivers/STM32F1xx_HAL_Driver/Src/stm32f1xx_hal_tim.o
                0x08004de0                HAL_TIM_TriggerCallback
 *fill*         0x08004df2        0x2 
 .text.TIM_Base_SetConfig
                0x08004df4       0xdc ./Drivers/STM32F1xx_HAL_Driver/Src/stm32f1xx_hal_tim.o
                0x08004df4                TIM_Base_SetConfig
 .text.TIM_TI1_ConfigInputStage
                0x08004ed0       0x5c ./Drivers/STM32F1xx_HAL_Driver/Src/stm32f1xx_hal_tim.o
 .text.TIM_TI2_ConfigInputStage
                0x08004f2c       0x5e ./Drivers/STM32F1xx_HAL_Driver/Src/stm32f1xx_hal_tim.o
 .text.TIM_ITRx_SetConfig
                0x08004f8a       0x34 ./Drivers/STM32F1xx_HAL_Driver/Src/stm32f1xx_hal_tim.o
 .text.TIM_ETR_SetConfig
                0x08004fbe       0x3e ./Drivers/STM32F1xx_HAL_Driver/Src/stm32f1xx_hal_tim.o
                0x08004fbe                TIM_ETR_SetConfig
 .text.HAL_TIMEx_MasterConfigSynchronization
                0x08004ffc       0xbc ./Drivers/STM32F1xx_HAL_Driver/Src/stm32f1xx_hal_tim_ex.o
                0x08004ffc                HAL_TIMEx_MasterConfigSynchronization
 .text.HAL_TIMEx_CommutCallback
                0x080050b8       0x12 ./Drivers/STM32F1xx_HAL_Driver/Src/stm32f1xx_hal_tim_ex.o
                0x080050b8                HAL_TIMEx_CommutCallback
 .text.HAL_TIMEx_BreakCallback
                0x080050ca       0x12 ./Drivers/STM32F1xx_HAL_Driver/Src/stm32f1xx_hal_tim_ex.o
                0x080050ca                HAL_TIMEx_BreakCallback
 .text.HAL_UART_Init
                0x080050dc       0xa0 ./Drivers/STM32F1xx_HAL_Driver/Src/stm32f1xx_hal_uart.o
                0x080050dc                HAL_UART_Init
 .text.HAL_UART_Transmit
                0x0800517c      0x116 ./Drivers/STM32F1xx_HAL_Driver/Src/stm32f1xx_hal_uart.o
                0x0800517c                HAL_UART_Transmit
 .text.HAL_UART_Receive_IT
                0x08005292       0x4a ./Drivers/STM32F1xx_HAL_Driver/Src/stm32f1xx_hal_uart.o
                0x08005292                HAL_UART_Receive_IT
 .text.HAL_UART_IRQHandler
                0x080052dc      0x524 ./Drivers/STM32F1xx_HAL_Driver/Src/stm32f1xx_hal_uart.o
                0x080052dc                HAL_UART_IRQHandler
 .text.HAL_UART_TxCpltCallback
                0x08005800       0x12 ./Drivers/STM32F1xx_HAL_Driver/Src/stm32f1xx_hal_uart.o
                0x08005800                HAL_UART_TxCpltCallback
 .text.HAL_UARTEx_RxEventCallback
                0x08005812       0x16 ./Drivers/STM32F1xx_HAL_Driver/Src/stm32f1xx_hal_uart.o
                0x08005812                HAL_UARTEx_RxEventCallback
 .text.UART_WaitOnFlagUntilTimeout
                0x08005828       0xb2 ./Drivers/STM32F1xx_HAL_Driver/Src/stm32f1xx_hal_uart.o
 .text.UART_Start_Receive_IT
                0x080058da       0x72 ./Drivers/STM32F1xx_HAL_Driver/Src/stm32f1xx_hal_uart.o
                0x080058da                UART_Start_Receive_IT
 .text.UART_EndRxTransfer
                0x0800594c       0xc4 ./Drivers/STM32F1xx_HAL_Driver/Src/stm32f1xx_hal_uart.o
 .text.UART_DMAAbortOnError
                0x08005a10       0x28 ./Drivers/STM32F1xx_HAL_Driver/Src/stm32f1xx_hal_uart.o
 .text.UART_Transmit_IT
                0x08005a38       0x9e ./Drivers/STM32F1xx_HAL_Driver/Src/stm32f1xx_hal_uart.o
 .text.UART_EndTransmit_IT
                0x08005ad6       0x30 ./Drivers/STM32F1xx_HAL_Driver/Src/stm32f1xx_hal_uart.o
 .text.UART_Receive_IT
                0x08005b06      0x17c ./Drivers/STM32F1xx_HAL_Driver/Src/stm32f1xx_hal_uart.o
 *fill*         0x08005c82        0x2 
 .text.UART_SetConfig
                0x08005c84      0x11c ./Drivers/STM32F1xx_HAL_Driver/Src/stm32f1xx_hal_uart.o
 .text.std      0x08005da0       0x6c C:/ST/STM32CubeIDE_1.17.0/STM32CubeIDE/plugins/com.st.stm32cube.ide.mcu.externaltools.gnu-tools-for-stm32.13.3.rel1.win32_1.0.0.202411081344/tools/bin/../lib/gcc/arm-none-eabi/13.3.1/../../../../arm-none-eabi/lib/thumb/v7-m/nofp\libc_nano.a(libc_a-findfp.o)
 .text.stdio_exit_handler
                0x08005e0c       0x18 C:/ST/STM32CubeIDE_1.17.0/STM32CubeIDE/plugins/com.st.stm32cube.ide.mcu.externaltools.gnu-tools-for-stm32.13.3.rel1.win32_1.0.0.202411081344/tools/bin/../lib/gcc/arm-none-eabi/13.3.1/../../../../arm-none-eabi/lib/thumb/v7-m/nofp\libc_nano.a(libc_a-findfp.o)
 .text.cleanup_stdio
                0x08005e24       0x40 C:/ST/STM32CubeIDE_1.17.0/STM32CubeIDE/plugins/com.st.stm32cube.ide.mcu.externaltools.gnu-tools-for-stm32.13.3.rel1.win32_1.0.0.202411081344/tools/bin/../lib/gcc/arm-none-eabi/13.3.1/../../../../arm-none-eabi/lib/thumb/v7-m/nofp\libc_nano.a(libc_a-findfp.o)
 .text.global_stdio_init.part.0
                0x08005e64       0x3c C:/ST/STM32CubeIDE_1.17.0/STM32CubeIDE/plugins/com.st.stm32cube.ide.mcu.externaltools.gnu-tools-for-stm32.13.3.rel1.win32_1.0.0.202411081344/tools/bin/../lib/gcc/arm-none-eabi/13.3.1/../../../../arm-none-eabi/lib/thumb/v7-m/nofp\libc_nano.a(libc_a-findfp.o)
 .text.__sfp_lock_acquire
                0x08005ea0        0xc C:/ST/STM32CubeIDE_1.17.0/STM32CubeIDE/plugins/com.st.stm32cube.ide.mcu.externaltools.gnu-tools-for-stm32.13.3.rel1.win32_1.0.0.202411081344/tools/bin/../lib/gcc/arm-none-eabi/13.3.1/../../../../arm-none-eabi/lib/thumb/v7-m/nofp\libc_nano.a(libc_a-findfp.o)
                0x08005ea0                __sfp_lock_acquire
 .text.__sfp_lock_release
                0x08005eac        0xc C:/ST/STM32CubeIDE_1.17.0/STM32CubeIDE/plugins/com.st.stm32cube.ide.mcu.externaltools.gnu-tools-for-stm32.13.3.rel1.win32_1.0.0.202411081344/tools/bin/../lib/gcc/arm-none-eabi/13.3.1/../../../../arm-none-eabi/lib/thumb/v7-m/nofp\libc_nano.a(libc_a-findfp.o)
                0x08005eac                __sfp_lock_release
 .text.__sinit  0x08005eb8       0x30 C:/ST/STM32CubeIDE_1.17.0/STM32CubeIDE/plugins/com.st.stm32cube.ide.mcu.externaltools.gnu-tools-for-stm32.13.3.rel1.win32_1.0.0.202411081344/tools/bin/../lib/gcc/arm-none-eabi/13.3.1/../../../../arm-none-eabi/lib/thumb/v7-m/nofp\libc_nano.a(libc_a-findfp.o)
                0x08005eb8                __sinit
 .text._fwalk_sglue
                0x08005ee8       0x3c C:/ST/STM32CubeIDE_1.17.0/STM32CubeIDE/plugins/com.st.stm32cube.ide.mcu.externaltools.gnu-tools-for-stm32.13.3.rel1.win32_1.0.0.202411081344/tools/bin/../lib/gcc/arm-none-eabi/13.3.1/../../../../arm-none-eabi/lib/thumb/v7-m/nofp\libc_nano.a(libc_a-fwalk.o)
                0x08005ee8                _fwalk_sglue
 .text.printf   0x08005f24       0x24 C:/ST/STM32CubeIDE_1.17.0/STM32CubeIDE/plugins/com.st.stm32cube.ide.mcu.externaltools.gnu-tools-for-stm32.13.3.rel1.win32_1.0.0.202411081344/tools/bin/../lib/gcc/arm-none-eabi/13.3.1/../../../../arm-none-eabi/lib/thumb/v7-m/nofp\libc_nano.a(libc_a-printf.o)
                0x08005f24                iprintf
                0x08005f24                printf
 .text._puts_r  0x08005f48       0xaa C:/ST/STM32CubeIDE_1.17.0/STM32CubeIDE/plugins/com.st.stm32cube.ide.mcu.externaltools.gnu-tools-for-stm32.13.3.rel1.win32_1.0.0.202411081344/tools/bin/../lib/gcc/arm-none-eabi/13.3.1/../../../../arm-none-eabi/lib/thumb/v7-m/nofp\libc_nano.a(libc_a-puts.o)
                0x08005f48                _puts_r
 *fill*         0x08005ff2        0x2 
 .text.puts     0x08005ff4       0x10 C:/ST/STM32CubeIDE_1.17.0/STM32CubeIDE/plugins/com.st.stm32cube.ide.mcu.externaltools.gnu-tools-for-stm32.13.3.rel1.win32_1.0.0.202411081344/tools/bin/../lib/gcc/arm-none-eabi/13.3.1/../../../../arm-none-eabi/lib/thumb/v7-m/nofp\libc_nano.a(libc_a-puts.o)
                0x08005ff4                puts
 .text.__sread  0x08006004       0x22 C:/ST/STM32CubeIDE_1.17.0/STM32CubeIDE/plugins/com.st.stm32cube.ide.mcu.externaltools.gnu-tools-for-stm32.13.3.rel1.win32_1.0.0.202411081344/tools/bin/../lib/gcc/arm-none-eabi/13.3.1/../../../../arm-none-eabi/lib/thumb/v7-m/nofp\libc_nano.a(libc_a-stdio.o)
                0x08006004                __sread
 .text.__swrite
                0x08006026       0x38 C:/ST/STM32CubeIDE_1.17.0/STM32CubeIDE/plugins/com.st.stm32cube.ide.mcu.externaltools.gnu-tools-for-stm32.13.3.rel1.win32_1.0.0.202411081344/tools/bin/../lib/gcc/arm-none-eabi/13.3.1/../../../../arm-none-eabi/lib/thumb/v7-m/nofp\libc_nano.a(libc_a-stdio.o)
                0x08006026                __swrite
 .text.__sseek  0x0800605e       0x24 C:/ST/STM32CubeIDE_1.17.0/STM32CubeIDE/plugins/com.st.stm32cube.ide.mcu.externaltools.gnu-tools-for-stm32.13.3.rel1.win32_1.0.0.202411081344/tools/bin/../lib/gcc/arm-none-eabi/13.3.1/../../../../arm-none-eabi/lib/thumb/v7-m/nofp\libc_nano.a(libc_a-stdio.o)
                0x0800605e                __sseek
 .text.__sclose
                0x08006082        0x8 C:/ST/STM32CubeIDE_1.17.0/STM32CubeIDE/plugins/com.st.stm32cube.ide.mcu.externaltools.gnu-tools-for-stm32.13.3.rel1.win32_1.0.0.202411081344/tools/bin/../lib/gcc/arm-none-eabi/13.3.1/../../../../arm-none-eabi/lib/thumb/v7-m/nofp\libc_nano.a(libc_a-stdio.o)
                0x08006082                __sclose
 .text.__swbuf_r
                0x0800608a       0x7c C:/ST/STM32CubeIDE_1.17.0/STM32CubeIDE/plugins/com.st.stm32cube.ide.mcu.externaltools.gnu-tools-for-stm32.13.3.rel1.win32_1.0.0.202411081344/tools/bin/../lib/gcc/arm-none-eabi/13.3.1/../../../../arm-none-eabi/lib/thumb/v7-m/nofp\libc_nano.a(libc_a-wbuf.o)
                0x0800608a                __swbuf_r
 *fill*         0x08006106        0x2 
 .text.__swsetup_r
                0x08006108       0xac C:/ST/STM32CubeIDE_1.17.0/STM32CubeIDE/plugins/com.st.stm32cube.ide.mcu.externaltools.gnu-tools-for-stm32.13.3.rel1.win32_1.0.0.202411081344/tools/bin/../lib/gcc/arm-none-eabi/13.3.1/../../../../arm-none-eabi/lib/thumb/v7-m/nofp\libc_nano.a(libc_a-wsetup.o)
                0x08006108                __swsetup_r
 .text.memset   0x080061b4       0x10 C:/ST/STM32CubeIDE_1.17.0/STM32CubeIDE/plugins/com.st.stm32cube.ide.mcu.externaltools.gnu-tools-for-stm32.13.3.rel1.win32_1.0.0.202411081344/tools/bin/../lib/gcc/arm-none-eabi/13.3.1/../../../../arm-none-eabi/lib/thumb/v7-m/nofp\libc_nano.a(libc_a-memset.o)
                0x080061b4                memset
 .text._close_r
                0x080061c4       0x20 C:/ST/STM32CubeIDE_1.17.0/STM32CubeIDE/plugins/com.st.stm32cube.ide.mcu.externaltools.gnu-tools-for-stm32.13.3.rel1.win32_1.0.0.202411081344/tools/bin/../lib/gcc/arm-none-eabi/13.3.1/../../../../arm-none-eabi/lib/thumb/v7-m/nofp\libc_nano.a(libc_a-closer.o)
                0x080061c4                _close_r
 .text._lseek_r
                0x080061e4       0x24 C:/ST/STM32CubeIDE_1.17.0/STM32CubeIDE/plugins/com.st.stm32cube.ide.mcu.externaltools.gnu-tools-for-stm32.13.3.rel1.win32_1.0.0.202411081344/tools/bin/../lib/gcc/arm-none-eabi/13.3.1/../../../../arm-none-eabi/lib/thumb/v7-m/nofp\libc_nano.a(libc_a-lseekr.o)
                0x080061e4                _lseek_r
 .text._read_r  0x08006208       0x24 C:/ST/STM32CubeIDE_1.17.0/STM32CubeIDE/plugins/com.st.stm32cube.ide.mcu.externaltools.gnu-tools-for-stm32.13.3.rel1.win32_1.0.0.202411081344/tools/bin/../lib/gcc/arm-none-eabi/13.3.1/../../../../arm-none-eabi/lib/thumb/v7-m/nofp\libc_nano.a(libc_a-readr.o)
                0x08006208                _read_r
 .text._write_r
                0x0800622c       0x24 C:/ST/STM32CubeIDE_1.17.0/STM32CubeIDE/plugins/com.st.stm32cube.ide.mcu.externaltools.gnu-tools-for-stm32.13.3.rel1.win32_1.0.0.202411081344/tools/bin/../lib/gcc/arm-none-eabi/13.3.1/../../../../arm-none-eabi/lib/thumb/v7-m/nofp\libc_nano.a(libc_a-writer.o)
                0x0800622c                _write_r
 .text.__errno  0x08006250        0xc C:/ST/STM32CubeIDE_1.17.0/STM32CubeIDE/plugins/com.st.stm32cube.ide.mcu.externaltools.gnu-tools-for-stm32.13.3.rel1.win32_1.0.0.202411081344/tools/bin/../lib/gcc/arm-none-eabi/13.3.1/../../../../arm-none-eabi/lib/thumb/v7-m/nofp\libc_nano.a(libc_a-errno.o)
                0x08006250                __errno
 .text.__libc_init_array
                0x0800625c       0x48 C:/ST/STM32CubeIDE_1.17.0/STM32CubeIDE/plugins/com.st.stm32cube.ide.mcu.externaltools.gnu-tools-for-stm32.13.3.rel1.win32_1.0.0.202411081344/tools/bin/../lib/gcc/arm-none-eabi/13.3.1/../../../../arm-none-eabi/lib/thumb/v7-m/nofp\libc_nano.a(libc_a-init.o)
                0x0800625c                __libc_init_array
 .text.__retarget_lock_init_recursive
                0x080062a4        0x2 C:/ST/STM32CubeIDE_1.17.0/STM32CubeIDE/plugins/com.st.stm32cube.ide.mcu.externaltools.gnu-tools-for-stm32.13.3.rel1.win32_1.0.0.202411081344/tools/bin/../lib/gcc/arm-none-eabi/13.3.1/../../../../arm-none-eabi/lib/thumb/v7-m/nofp\libc_nano.a(libc_a-lock.o)
                0x080062a4                __retarget_lock_init_recursive
 .text.__retarget_lock_acquire_recursive
                0x080062a6        0x2 C:/ST/STM32CubeIDE_1.17.0/STM32CubeIDE/plugins/com.st.stm32cube.ide.mcu.externaltools.gnu-tools-for-stm32.13.3.rel1.win32_1.0.0.202411081344/tools/bin/../lib/gcc/arm-none-eabi/13.3.1/../../../../arm-none-eabi/lib/thumb/v7-m/nofp\libc_nano.a(libc_a-lock.o)
                0x080062a6                __retarget_lock_acquire_recursive
 .text.__retarget_lock_release_recursive
                0x080062a8        0x2 C:/ST/STM32CubeIDE_1.17.0/STM32CubeIDE/plugins/com.st.stm32cube.ide.mcu.externaltools.gnu-tools-for-stm32.13.3.rel1.win32_1.0.0.202411081344/tools/bin/../lib/gcc/arm-none-eabi/13.3.1/../../../../arm-none-eabi/lib/thumb/v7-m/nofp\libc_nano.a(libc_a-lock.o)
                0x080062a8                __retarget_lock_release_recursive
 *fill*         0x080062aa        0x2 
 .text._free_r  0x080062ac       0x90 C:/ST/STM32CubeIDE_1.17.0/STM32CubeIDE/plugins/com.st.stm32cube.ide.mcu.externaltools.gnu-tools-for-stm32.13.3.rel1.win32_1.0.0.202411081344/tools/bin/../lib/gcc/arm-none-eabi/13.3.1/../../../../arm-none-eabi/lib/thumb/v7-m/nofp\libc_nano.a(libc_a-freer.o)
                0x080062ac                _free_r
 .text.sbrk_aligned
                0x0800633c       0x44 C:/ST/STM32CubeIDE_1.17.0/STM32CubeIDE/plugins/com.st.stm32cube.ide.mcu.externaltools.gnu-tools-for-stm32.13.3.rel1.win32_1.0.0.202411081344/tools/bin/../lib/gcc/arm-none-eabi/13.3.1/../../../../arm-none-eabi/lib/thumb/v7-m/nofp\libc_nano.a(libc_a-mallocr.o)
 .text._malloc_r
                0x08006380      0x100 C:/ST/STM32CubeIDE_1.17.0/STM32CubeIDE/plugins/com.st.stm32cube.ide.mcu.externaltools.gnu-tools-for-stm32.13.3.rel1.win32_1.0.0.202411081344/tools/bin/../lib/gcc/arm-none-eabi/13.3.1/../../../../arm-none-eabi/lib/thumb/v7-m/nofp\libc_nano.a(libc_a-mallocr.o)
                0x08006380                _malloc_r
 .text.__malloc_lock
                0x08006480        0xc C:/ST/STM32CubeIDE_1.17.0/STM32CubeIDE/plugins/com.st.stm32cube.ide.mcu.externaltools.gnu-tools-for-stm32.13.3.rel1.win32_1.0.0.202411081344/tools/bin/../lib/gcc/arm-none-eabi/13.3.1/../../../../arm-none-eabi/lib/thumb/v7-m/nofp\libc_nano.a(libc_a-mlock.o)
                0x08006480                __malloc_lock
 .text.__malloc_unlock
                0x0800648c        0xc C:/ST/STM32CubeIDE_1.17.0/STM32CubeIDE/plugins/com.st.stm32cube.ide.mcu.externaltools.gnu-tools-for-stm32.13.3.rel1.win32_1.0.0.202411081344/tools/bin/../lib/gcc/arm-none-eabi/13.3.1/../../../../arm-none-eabi/lib/thumb/v7-m/nofp\libc_nano.a(libc_a-mlock.o)
                0x0800648c                __malloc_unlock
 .text.__sfputc_r
                0x08006498       0x2a C:/ST/STM32CubeIDE_1.17.0/STM32CubeIDE/plugins/com.st.stm32cube.ide.mcu.externaltools.gnu-tools-for-stm32.13.3.rel1.win32_1.0.0.202411081344/tools/bin/../lib/gcc/arm-none-eabi/13.3.1/../../../../arm-none-eabi/lib/thumb/v7-m/nofp\libc_nano.a(libc_a-nano-vfprintf.o)
 .text.__sfputs_r
                0x080064c2       0x24 C:/ST/STM32CubeIDE_1.17.0/STM32CubeIDE/plugins/com.st.stm32cube.ide.mcu.externaltools.gnu-tools-for-stm32.13.3.rel1.win32_1.0.0.202411081344/tools/bin/../lib/gcc/arm-none-eabi/13.3.1/../../../../arm-none-eabi/lib/thumb/v7-m/nofp\libc_nano.a(libc_a-nano-vfprintf.o)
                0x080064c2                __sfputs_r
 *fill*         0x080064e6        0x2 
 .text._vfprintf_r
                0x080064e8      0x230 C:/ST/STM32CubeIDE_1.17.0/STM32CubeIDE/plugins/com.st.stm32cube.ide.mcu.externaltools.gnu-tools-for-stm32.13.3.rel1.win32_1.0.0.202411081344/tools/bin/../lib/gcc/arm-none-eabi/13.3.1/../../../../arm-none-eabi/lib/thumb/v7-m/nofp\libc_nano.a(libc_a-nano-vfprintf.o)
                0x080064e8                _vfprintf_r
                0x080064e8                _vfiprintf_r
 .text._printf_common
                0x08006718       0xe4 C:/ST/STM32CubeIDE_1.17.0/STM32CubeIDE/plugins/com.st.stm32cube.ide.mcu.externaltools.gnu-tools-for-stm32.13.3.rel1.win32_1.0.0.202411081344/tools/bin/../lib/gcc/arm-none-eabi/13.3.1/../../../../arm-none-eabi/lib/thumb/v7-m/nofp\libc_nano.a(libc_a-nano-vfprintf_i.o)
                0x08006718                _printf_common
 .text._printf_i
                0x080067fc      0x23c C:/ST/STM32CubeIDE_1.17.0/STM32CubeIDE/plugins/com.st.stm32cube.ide.mcu.externaltools.gnu-tools-for-stm32.13.3.rel1.win32_1.0.0.202411081344/tools/bin/../lib/gcc/arm-none-eabi/13.3.1/../../../../arm-none-eabi/lib/thumb/v7-m/nofp\libc_nano.a(libc_a-nano-vfprintf_i.o)
                0x080067fc                _printf_i
 .text.__sflush_r
                0x08006a38      0x100 C:/ST/STM32CubeIDE_1.17.0/STM32CubeIDE/plugins/com.st.stm32cube.ide.mcu.externaltools.gnu-tools-for-stm32.13.3.rel1.win32_1.0.0.202411081344/tools/bin/../lib/gcc/arm-none-eabi/13.3.1/../../../../arm-none-eabi/lib/thumb/v7-m/nofp\libc_nano.a(libc_a-fflush.o)
                0x08006a38                __sflush_r
 .text._fflush_r
                0x08006b38       0x50 C:/ST/STM32CubeIDE_1.17.0/STM32CubeIDE/plugins/com.st.stm32cube.ide.mcu.externaltools.gnu-tools-for-stm32.13.3.rel1.win32_1.0.0.202411081344/tools/bin/../lib/gcc/arm-none-eabi/13.3.1/../../../../arm-none-eabi/lib/thumb/v7-m/nofp\libc_nano.a(libc_a-fflush.o)
                0x08006b38                _fflush_r
 .text.__swhatbuf_r
                0x08006b88       0x4a C:/ST/STM32CubeIDE_1.17.0/STM32CubeIDE/plugins/com.st.stm32cube.ide.mcu.externaltools.gnu-tools-for-stm32.13.3.rel1.win32_1.0.0.202411081344/tools/bin/../lib/gcc/arm-none-eabi/13.3.1/../../../../arm-none-eabi/lib/thumb/v7-m/nofp\libc_nano.a(libc_a-makebuf.o)
                0x08006b88                __swhatbuf_r
 .text.__smakebuf_r
                0x08006bd2       0x78 C:/ST/STM32CubeIDE_1.17.0/STM32CubeIDE/plugins/com.st.stm32cube.ide.mcu.externaltools.gnu-tools-for-stm32.13.3.rel1.win32_1.0.0.202411081344/tools/bin/../lib/gcc/arm-none-eabi/13.3.1/../../../../arm-none-eabi/lib/thumb/v7-m/nofp\libc_nano.a(libc_a-makebuf.o)
                0x08006bd2                __smakebuf_r
 *fill*         0x08006c4a        0x2 
 .text._fstat_r
                0x08006c4c       0x24 C:/ST/STM32CubeIDE_1.17.0/STM32CubeIDE/plugins/com.st.stm32cube.ide.mcu.externaltools.gnu-tools-for-stm32.13.3.rel1.win32_1.0.0.202411081344/tools/bin/../lib/gcc/arm-none-eabi/13.3.1/../../../../arm-none-eabi/lib/thumb/v7-m/nofp\libc_nano.a(libc_a-fstatr.o)
                0x08006c4c                _fstat_r
 .text._isatty_r
                0x08006c70       0x20 C:/ST/STM32CubeIDE_1.17.0/STM32CubeIDE/plugins/com.st.stm32cube.ide.mcu.externaltools.gnu-tools-for-stm32.13.3.rel1.win32_1.0.0.202411081344/tools/bin/../lib/gcc/arm-none-eabi/13.3.1/../../../../arm-none-eabi/lib/thumb/v7-m/nofp\libc_nano.a(libc_a-isattyr.o)
                0x08006c70                _isatty_r
 .text._sbrk_r  0x08006c90       0x20 C:/ST/STM32CubeIDE_1.17.0/STM32CubeIDE/plugins/com.st.stm32cube.ide.mcu.externaltools.gnu-tools-for-stm32.13.3.rel1.win32_1.0.0.202411081344/tools/bin/../lib/gcc/arm-none-eabi/13.3.1/../../../../arm-none-eabi/lib/thumb/v7-m/nofp\libc_nano.a(libc_a-sbrkr.o)
                0x08006c90                _sbrk_r
 .text.memchr   0x08006cb0       0x1c C:/ST/STM32CubeIDE_1.17.0/STM32CubeIDE/plugins/com.st.stm32cube.ide.mcu.externaltools.gnu-tools-for-stm32.13.3.rel1.win32_1.0.0.202411081344/tools/bin/../lib/gcc/arm-none-eabi/13.3.1/../../../../arm-none-eabi/lib/thumb/v7-m/nofp\libc_nano.a(libc_a-memchr-stub.o)
                0x08006cb0                memchr
 *(.glue_7)
 .glue_7        0x08006ccc        0x0 linker stubs
 *(.glue_7t)
 .glue_7t       0x08006ccc        0x0 linker stubs
 *(.eh_frame)
 .eh_frame      0x08006ccc        0x0 C:/ST/STM32CubeIDE_1.17.0/STM32CubeIDE/plugins/com.st.stm32cube.ide.mcu.externaltools.gnu-tools-for-stm32.13.3.rel1.win32_1.0.0.202411081344/tools/bin/../lib/gcc/arm-none-eabi/13.3.1/thumb/v7-m/nofp/crtbegin.o
 *(.init)
 .init          0x08006ccc        0x4 C:/ST/STM32CubeIDE_1.17.0/STM32CubeIDE/plugins/com.st.stm32cube.ide.mcu.externaltools.gnu-tools-for-stm32.13.3.rel1.win32_1.0.0.202411081344/tools/bin/../lib/gcc/arm-none-eabi/13.3.1/thumb/v7-m/nofp/crti.o
                0x08006ccc                _init
 .init          0x08006cd0        0x8 C:/ST/STM32CubeIDE_1.17.0/STM32CubeIDE/plugins/com.st.stm32cube.ide.mcu.externaltools.gnu-tools-for-stm32.13.3.rel1.win32_1.0.0.202411081344/tools/bin/../lib/gcc/arm-none-eabi/13.3.1/thumb/v7-m/nofp/crtn.o
 *(.fini)
 .fini          0x08006cd8        0x4 C:/ST/STM32CubeIDE_1.17.0/STM32CubeIDE/plugins/com.st.stm32cube.ide.mcu.externaltools.gnu-tools-for-stm32.13.3.rel1.win32_1.0.0.202411081344/tools/bin/../lib/gcc/arm-none-eabi/13.3.1/thumb/v7-m/nofp/crti.o
                0x08006cd8                _fini
 .fini          0x08006cdc        0x8 C:/ST/STM32CubeIDE_1.17.0/STM32CubeIDE/plugins/com.st.stm32cube.ide.mcu.externaltools.gnu-tools-for-stm32.13.3.rel1.win32_1.0.0.202411081344/tools/bin/../lib/gcc/arm-none-eabi/13.3.1/thumb/v7-m/nofp/crtn.o
                0x08006ce4                        . = ALIGN (0x4)
                0x08006ce4                        _etext = .

.vfp11_veneer   0x08006ce4        0x0
 .vfp11_veneer  0x08006ce4        0x0 linker stubs

.v4_bx          0x08006ce4        0x0
 .v4_bx         0x08006ce4        0x0 linker stubs

.iplt           0x08006ce4        0x0
 .iplt          0x08006ce4        0x0 C:/ST/STM32CubeIDE_1.17.0/STM32CubeIDE/plugins/com.st.stm32cube.ide.mcu.externaltools.gnu-tools-for-stm32.13.3.rel1.win32_1.0.0.202411081344/tools/bin/../lib/gcc/arm-none-eabi/13.3.1/thumb/v7-m/nofp/crtbegin.o

.rodata         0x08006ce4      0x130
                0x08006ce4                        . = ALIGN (0x4)
 *(.rodata)
 .rodata        0x08006ce4       0x97 ./Core/Src/main.o
 *(.rodata*)
 *fill*         0x08006d7b        0x1 
 .rodata.VOICE_MAP
                0x08006d7c       0x24 ./Core/Src/main.o
 .rodata.AHBPrescTable
                0x08006da0       0x10 ./Core/Src/system_stm32f1xx.o
                0x08006da0                AHBPrescTable
 .rodata.APBPrescTable
                0x08006db0        0x8 ./Core/Src/system_stm32f1xx.o
                0x08006db0                APBPrescTable
 .rodata.aPLLMULFactorTable.1
                0x08006db8       0x10 ./Drivers/STM32F1xx_HAL_Driver/Src/stm32f1xx_hal_rcc.o
 .rodata.aPredivFactorTable.0
                0x08006dc8        0x2 ./Drivers/STM32F1xx_HAL_Driver/Src/stm32f1xx_hal_rcc.o
 *fill*         0x08006dca        0x2 
 .rodata.aPLLMULFactorTable.1
                0x08006dcc       0x10 ./Drivers/STM32F1xx_HAL_Driver/Src/stm32f1xx_hal_rcc_ex.o
 .rodata.aPredivFactorTable.0
                0x08006ddc        0x2 ./Drivers/STM32F1xx_HAL_Driver/Src/stm32f1xx_hal_rcc_ex.o
 .rodata._vfprintf_r.str1.1
                0x08006dde       0x33 C:/ST/STM32CubeIDE_1.17.0/STM32CubeIDE/plugins/com.st.stm32cube.ide.mcu.externaltools.gnu-tools-for-stm32.13.3.rel1.win32_1.0.0.202411081344/tools/bin/../lib/gcc/arm-none-eabi/13.3.1/../../../../arm-none-eabi/lib/thumb/v7-m/nofp\libc_nano.a(libc_a-nano-vfprintf.o)
                                 0x11 (size before relaxing)
 .rodata._printf_i.str1.1
                0x08006e11       0x22 C:/ST/STM32CubeIDE_1.17.0/STM32CubeIDE/plugins/com.st.stm32cube.ide.mcu.externaltools.gnu-tools-for-stm32.13.3.rel1.win32_1.0.0.202411081344/tools/bin/../lib/gcc/arm-none-eabi/13.3.1/../../../../arm-none-eabi/lib/thumb/v7-m/nofp\libc_nano.a(libc_a-nano-vfprintf_i.o)
                0x08006e34                        . = ALIGN (0x4)
 *fill*         0x08006e11        0x3 

.ARM.extab      0x08006e14        0x0
                0x08006e14                        . = ALIGN (0x4)
 *(.ARM.extab* .gnu.linkonce.armextab.*)
                0x08006e14                        . = ALIGN (0x4)

.ARM            0x08006e14        0x0
                0x08006e14                        . = ALIGN (0x4)
                0x08006e14                        __exidx_start = .
 *(.ARM.exidx*)
                0x08006e14                        __exidx_end = .
                0x08006e14                        . = ALIGN (0x4)

.preinit_array  0x08006e14        0x0
                0x08006e14                        . = ALIGN (0x4)
                0x08006e14                        PROVIDE (__preinit_array_start = .)
 *(.preinit_array*)
                0x08006e14                        PROVIDE (__preinit_array_end = .)
                0x08006e14                        . = ALIGN (0x4)

.init_array     0x08006e14        0x4
                0x08006e14                        . = ALIGN (0x4)
                0x08006e14                        PROVIDE (__init_array_start = .)
 *(SORT_BY_NAME(.init_array.*))
 *(.init_array*)
 .init_array    0x08006e14        0x4 C:/ST/STM32CubeIDE_1.17.0/STM32CubeIDE/plugins/com.st.stm32cube.ide.mcu.externaltools.gnu-tools-for-stm32.13.3.rel1.win32_1.0.0.202411081344/tools/bin/../lib/gcc/arm-none-eabi/13.3.1/thumb/v7-m/nofp/crtbegin.o
                0x08006e18                        PROVIDE (__init_array_end = .)
                0x08006e18                        . = ALIGN (0x4)

.fini_array     0x08006e18        0x4
                0x08006e18                        . = ALIGN (0x4)
                [!provide]                        PROVIDE (__fini_array_start = .)
 *(SORT_BY_NAME(.fini_array.*))
 *(.fini_array*)
 .fini_array    0x08006e18        0x4 C:/ST/STM32CubeIDE_1.17.0/STM32CubeIDE/plugins/com.st.stm32cube.ide.mcu.externaltools.gnu-tools-for-stm32.13.3.rel1.win32_1.0.0.202411081344/tools/bin/../lib/gcc/arm-none-eabi/13.3.1/thumb/v7-m/nofp/crtbegin.o
                [!provide]                        PROVIDE (__fini_array_end = .)
                0x08006e1c                        . = ALIGN (0x4)
                0x08006e1c                        _sidata = LOADADDR (.data)

.rel.dyn        0x08006e1c        0x0
 .rel.iplt      0x08006e1c        0x0 C:/ST/STM32CubeIDE_1.17.0/STM32CubeIDE/plugins/com.st.stm32cube.ide.mcu.externaltools.gnu-tools-for-stm32.13.3.rel1.win32_1.0.0.202411081344/tools/bin/../lib/gcc/arm-none-eabi/13.3.1/thumb/v7-m/nofp/crtbegin.o

.data           0x20000000       0x70 load address 0x08006e1c
                0x20000000                        . = ALIGN (0x4)
                0x20000000                        _sdata = .
 *(.data)
 *(.data*)
 .data.tx_address
                0x20000000        0x5 ./Core/Src/main.o
                0x20000000                tx_address
 .data.last_cmd
                0x20000005        0x1 ./Core/Src/main.o
 *fill*         0x20000006        0x2 
 .data.SystemCoreClock
                0x20000008        0x4 ./Core/Src/system_stm32f1xx.o
                0x20000008                SystemCoreClock
 .data.uwTickPrio
                0x2000000c        0x4 ./Drivers/STM32F1xx_HAL_Driver/Src/stm32f1xx_hal.o
                0x2000000c                uwTickPrio
 .data.uwTickFreq
                0x20000010        0x1 ./Drivers/STM32F1xx_HAL_Driver/Src/stm32f1xx_hal.o
                0x20000010                uwTickFreq
 *fill*         0x20000011        0x3 
 .data.__sglue  0x20000014        0xc C:/ST/STM32CubeIDE_1.17.0/STM32CubeIDE/plugins/com.st.stm32cube.ide.mcu.externaltools.gnu-tools-for-stm32.13.3.rel1.win32_1.0.0.202411081344/tools/bin/../lib/gcc/arm-none-eabi/13.3.1/../../../../arm-none-eabi/lib/thumb/v7-m/nofp\libc_nano.a(libc_a-findfp.o)
                0x20000014                __sglue
 .data._impure_ptr
                0x20000020        0x4 C:/ST/STM32CubeIDE_1.17.0/STM32CubeIDE/plugins/com.st.stm32cube.ide.mcu.externaltools.gnu-tools-for-stm32.13.3.rel1.win32_1.0.0.202411081344/tools/bin/../lib/gcc/arm-none-eabi/13.3.1/../../../../arm-none-eabi/lib/thumb/v7-m/nofp\libc_nano.a(libc_a-impure.o)
                0x20000020                _impure_ptr
 .data._impure_data
                0x20000024       0x4c C:/ST/STM32CubeIDE_1.17.0/STM32CubeIDE/plugins/com.st.stm32cube.ide.mcu.externaltools.gnu-tools-for-stm32.13.3.rel1.win32_1.0.0.202411081344/tools/bin/../lib/gcc/arm-none-eabi/13.3.1/../../../../arm-none-eabi/lib/thumb/v7-m/nofp\libc_nano.a(libc_a-impure.o)
                0x20000024                _impure_data
 *(.RamFunc)
 *(.RamFunc*)
                0x20000070                        . = ALIGN (0x4)
                0x20000070                        _edata = .

.igot.plt       0x20000070        0x0 load address 0x08006e8c
 .igot.plt      0x20000070        0x0 C:/ST/STM32CubeIDE_1.17.0/STM32CubeIDE/plugins/com.st.stm32cube.ide.mcu.externaltools.gnu-tools-for-stm32.13.3.rel1.win32_1.0.0.202411081344/tools/bin/../lib/gcc/arm-none-eabi/13.3.1/thumb/v7-m/nofp/crtbegin.o
                0x20000070                        . = ALIGN (0x4)

.bss            0x20000070      0x33c load address 0x08006e8c
                0x20000070                        _sbss = .
                0x20000070                        __bss_start__ = _sbss
 *(.bss)
 .bss           0x20000070       0x1c C:/ST/STM32CubeIDE_1.17.0/STM32CubeIDE/plugins/com.st.stm32cube.ide.mcu.externaltools.gnu-tools-for-stm32.13.3.rel1.win32_1.0.0.202411081344/tools/bin/../lib/gcc/arm-none-eabi/13.3.1/thumb/v7-m/nofp/crtbegin.o
 *(.bss*)
 .bss.hadc1     0x2000008c       0x30 ./Core/Src/adc.o
                0x2000008c                hadc1
 .bss.hdma_adc1
                0x200000bc       0x44 ./Core/Src/adc.o
                0x200000bc                hdma_adc1
 .bss.adc_buffer
                0x20000100        0x6 ./Core/Src/main.o
                0x20000100                adc_buffer
 .bss.adc_conversion_complete
                0x20000106        0x1 ./Core/Src/main.o
                0x20000106                adc_conversion_complete
 *fill*         0x20000107        0x1 
 .bss.g_stop_until_ms
                0x20000108        0x4 ./Core/Src/main.o
                0x20000108                g_stop_until_ms
 .bss.last_pb9_press_time
                0x2000010c        0x4 ./Core/Src/main.o
 .bss.rx3_byte  0x20000110        0x1 ./Core/Src/main.o
 .bss.g_state   0x20000111        0x1 ./Core/Src/main.o
 *fill*         0x20000112        0x2 
 .bss.hspi1     0x20000114       0x58 ./Core/Src/spi.o
                0x20000114                hspi1
 .bss.__sbrk_heap_end
                0x2000016c        0x4 ./Core/Src/sysmem.o
 .bss.htim2     0x20000170       0x48 ./Core/Src/tim.o
                0x20000170                htim2
 .bss.huart2    0x200001b8       0x48 ./Core/Src/usart.o
                0x200001b8                huart2
 .bss.huart3    0x20000200       0x48 ./Core/Src/usart.o
                0x20000200                huart3
 .bss.s_rx_state
                0x20000248        0x1 ./Core/Src/voice_proto.o
 .bss.s_idx     0x20000249        0x1 ./Core/Src/voice_proto.o
 *fill*         0x2000024a        0x2 
 .bss.s_work    0x2000024c        0x6 ./Core/Src/voice_proto.o
 .bss.s_ready   0x20000252        0x1 ./Core/Src/voice_proto.o
 *fill*         0x20000253        0x1 
 .bss.s_last    0x20000254        0x6 ./Core/Src/voice_proto.o
 *fill*         0x2000025a        0x2 
 .bss.uwTick    0x2000025c        0x4 ./Drivers/STM32F1xx_HAL_Driver/Src/stm32f1xx_hal.o
                0x2000025c                uwTick
 .bss.__sf      0x20000260      0x138 C:/ST/STM32CubeIDE_1.17.0/STM32CubeIDE/plugins/com.st.stm32cube.ide.mcu.externaltools.gnu-tools-for-stm32.13.3.rel1.win32_1.0.0.202411081344/tools/bin/../lib/gcc/arm-none-eabi/13.3.1/../../../../arm-none-eabi/lib/thumb/v7-m/nofp\libc_nano.a(libc_a-findfp.o)
                0x20000260                __sf
 .bss.__stdio_exit_handler
                0x20000398        0x4 C:/ST/STM32CubeIDE_1.17.0/STM32CubeIDE/plugins/com.st.stm32cube.ide.mcu.externaltools.gnu-tools-for-stm32.13.3.rel1.win32_1.0.0.202411081344/tools/bin/../lib/gcc/arm-none-eabi/13.3.1/../../../../arm-none-eabi/lib/thumb/v7-m/nofp\libc_nano.a(libc_a-findfp.o)
                0x20000398                __stdio_exit_handler
 .bss.errno     0x2000039c        0x4 C:/ST/STM32CubeIDE_1.17.0/STM32CubeIDE/plugins/com.st.stm32cube.ide.mcu.externaltools.gnu-tools-for-stm32.13.3.rel1.win32_1.0.0.202411081344/tools/bin/../lib/gcc/arm-none-eabi/13.3.1/../../../../arm-none-eabi/lib/thumb/v7-m/nofp\libc_nano.a(libc_a-reent.o)
                0x2000039c                errno
 .bss.__lock___malloc_recursive_mutex
                0x200003a0        0x1 C:/ST/STM32CubeIDE_1.17.0/STM32CubeIDE/plugins/com.st.stm32cube.ide.mcu.externaltools.gnu-tools-for-stm32.13.3.rel1.win32_1.0.0.202411081344/tools/bin/../lib/gcc/arm-none-eabi/13.3.1/../../../../arm-none-eabi/lib/thumb/v7-m/nofp\libc_nano.a(libc_a-lock.o)
                0x200003a0                __lock___malloc_recursive_mutex
 .bss.__lock___sfp_recursive_mutex
                0x200003a1        0x1 C:/ST/STM32CubeIDE_1.17.0/STM32CubeIDE/plugins/com.st.stm32cube.ide.mcu.externaltools.gnu-tools-for-stm32.13.3.rel1.win32_1.0.0.202411081344/tools/bin/../lib/gcc/arm-none-eabi/13.3.1/../../../../arm-none-eabi/lib/thumb/v7-m/nofp\libc_nano.a(libc_a-lock.o)
                0x200003a1                __lock___sfp_recursive_mutex
 *fill*         0x200003a2        0x2 
 .bss.__malloc_sbrk_start
                0x200003a4        0x4 C:/ST/STM32CubeIDE_1.17.0/STM32CubeIDE/plugins/com.st.stm32cube.ide.mcu.externaltools.gnu-tools-for-stm32.13.3.rel1.win32_1.0.0.202411081344/tools/bin/../lib/gcc/arm-none-eabi/13.3.1/../../../../arm-none-eabi/lib/thumb/v7-m/nofp\libc_nano.a(libc_a-mallocr.o)
                0x200003a4                __malloc_sbrk_start
 .bss.__malloc_free_list
                0x200003a8        0x4 C:/ST/STM32CubeIDE_1.17.0/STM32CubeIDE/plugins/com.st.stm32cube.ide.mcu.externaltools.gnu-tools-for-stm32.13.3.rel1.win32_1.0.0.202411081344/tools/bin/../lib/gcc/arm-none-eabi/13.3.1/../../../../arm-none-eabi/lib/thumb/v7-m/nofp\libc_nano.a(libc_a-mallocr.o)
                0x200003a8                __malloc_free_list
 *(COMMON)
                0x200003ac                        . = ALIGN (0x4)
                0x200003ac                        _ebss = .
                0x200003ac                        __bss_end__ = _ebss

._user_heap_stack
                0x200003ac      0x604 load address 0x08006e8c
                0x200003b0                        . = ALIGN (0x8)
 *fill*         0x200003ac        0x4 
                [!provide]                        PROVIDE (end = .)
                0x200003b0                        PROVIDE (_end = .)
                0x200005b0                        . = (. + _Min_Heap_Size)
 *fill*         0x200003b0      0x200 
                0x200009b0                        . = (. + _Min_Stack_Size)
 *fill*         0x200005b0      0x400 
                0x200009b0                        . = ALIGN (0x8)

/DISCARD/
 libc.a(*)
 libm.a(*)
 libgcc.a(*)

.ARM.attributes
                0x00000000       0x29
 *(.ARM.attributes)
 .ARM.attributes
                0x00000000       0x1d C:/ST/STM32CubeIDE_1.17.0/STM32CubeIDE/plugins/com.st.stm32cube.ide.mcu.externaltools.gnu-tools-for-stm32.13.3.rel1.win32_1.0.0.202411081344/tools/bin/../lib/gcc/arm-none-eabi/13.3.1/thumb/v7-m/nofp/crti.o
 .ARM.attributes
                0x0000001d       0x2d C:/ST/STM32CubeIDE_1.17.0/STM32CubeIDE/plugins/com.st.stm32cube.ide.mcu.externaltools.gnu-tools-for-stm32.13.3.rel1.win32_1.0.0.202411081344/tools/bin/../lib/gcc/arm-none-eabi/13.3.1/thumb/v7-m/nofp/crtbegin.o
 .ARM.attributes
                0x0000004a       0x2d ./Core/Src/NRF24.o
 .ARM.attributes
                0x00000077       0x2d ./Core/Src/adc.o
 .ARM.attributes
                0x000000a4       0x2d ./Core/Src/dma.o
 .ARM.attributes
                0x000000d1       0x2d ./Core/Src/gpio.o
 .ARM.attributes
                0x000000fe       0x2d ./Core/Src/main.o
 .ARM.attributes
                0x0000012b       0x2d ./Core/Src/spi.o
 .ARM.attributes
                0x00000158       0x2d ./Core/Src/stm32f1xx_hal_msp.o
 .ARM.attributes
                0x00000185       0x2d ./Core/Src/stm32f1xx_it.o
 .ARM.attributes
                0x000001b2       0x2d ./Core/Src/syscalls.o
 .ARM.attributes
                0x000001df       0x2d ./Core/Src/sysmem.o
 .ARM.attributes
                0x0000020c       0x2d ./Core/Src/system_stm32f1xx.o
 .ARM.attributes
                0x00000239       0x2d ./Core/Src/tim.o
 .ARM.attributes
                0x00000266       0x2d ./Core/Src/usart.o
 .ARM.attributes
                0x00000293       0x2d ./Core/Src/voice_proto.o
 .ARM.attributes
                0x000002c0       0x21 ./Core/Startup/startup_stm32f103rbtx.o
 .ARM.attributes
                0x000002e1       0x2d ./Drivers/STM32F1xx_HAL_Driver/Src/stm32f1xx_hal.o
 .ARM.attributes
                0x0000030e       0x2d ./Drivers/STM32F1xx_HAL_Driver/Src/stm32f1xx_hal_adc.o
 .ARM.attributes
                0x0000033b       0x2d ./Drivers/STM32F1xx_HAL_Driver/Src/stm32f1xx_hal_adc_ex.o
 .ARM.attributes
                0x00000368       0x2d ./Drivers/STM32F1xx_HAL_Driver/Src/stm32f1xx_hal_cortex.o
 .ARM.attributes
                0x00000395       0x2d ./Drivers/STM32F1xx_HAL_Driver/Src/stm32f1xx_hal_dma.o
 .ARM.attributes
                0x000003c2       0x2d ./Drivers/STM32F1xx_HAL_Driver/Src/stm32f1xx_hal_gpio.o
 .ARM.attributes
                0x000003ef       0x2d ./Drivers/STM32F1xx_HAL_Driver/Src/stm32f1xx_hal_rcc.o
 .ARM.attributes
                0x0000041c       0x2d ./Drivers/STM32F1xx_HAL_Driver/Src/stm32f1xx_hal_rcc_ex.o
 .ARM.attributes
                0x00000449       0x2d ./Drivers/STM32F1xx_HAL_Driver/Src/stm32f1xx_hal_spi.o
 .ARM.attributes
                0x00000476       0x2d ./Drivers/STM32F1xx_HAL_Driver/Src/stm32f1xx_hal_tim.o
 .ARM.attributes
                0x000004a3       0x2d ./Drivers/STM32F1xx_HAL_Driver/Src/stm32f1xx_hal_tim_ex.o
 .ARM.attributes
                0x000004d0       0x2d ./Drivers/STM32F1xx_HAL_Driver/Src/stm32f1xx_hal_uart.o
 .ARM.attributes
                0x000004fd       0x2d C:/ST/STM32CubeIDE_1.17.0/STM32CubeIDE/plugins/com.st.stm32cube.ide.mcu.externaltools.gnu-tools-for-stm32.13.3.rel1.win32_1.0.0.202411081344/tools/bin/../lib/gcc/arm-none-eabi/13.3.1/../../../../arm-none-eabi/lib/thumb/v7-m/nofp\libc_nano.a(libc_a-findfp.o)
 .ARM.attributes
                0x0000052a       0x2d C:/ST/STM32CubeIDE_1.17.0/STM32CubeIDE/plugins/com.st.stm32cube.ide.mcu.externaltools.gnu-tools-for-stm32.13.3.rel1.win32_1.0.0.202411081344/tools/bin/../lib/gcc/arm-none-eabi/13.3.1/../../../../arm-none-eabi/lib/thumb/v7-m/nofp\libc_nano.a(libc_a-fwalk.o)
 .ARM.attributes
                0x00000557       0x2d C:/ST/STM32CubeIDE_1.17.0/STM32CubeIDE/plugins/com.st.stm32cube.ide.mcu.externaltools.gnu-tools-for-stm32.13.3.rel1.win32_1.0.0.202411081344/tools/bin/../lib/gcc/arm-none-eabi/13.3.1/../../../../arm-none-eabi/lib/thumb/v7-m/nofp\libc_nano.a(libc_a-printf.o)
 .ARM.attributes
                0x00000584       0x2d C:/ST/STM32CubeIDE_1.17.0/STM32CubeIDE/plugins/com.st.stm32cube.ide.mcu.externaltools.gnu-tools-for-stm32.13.3.rel1.win32_1.0.0.202411081344/tools/bin/../lib/gcc/arm-none-eabi/13.3.1/../../../../arm-none-eabi/lib/thumb/v7-m/nofp\libc_nano.a(libc_a-puts.o)
 .ARM.attributes
                0x000005b1       0x2d C:/ST/STM32CubeIDE_1.17.0/STM32CubeIDE/plugins/com.st.stm32cube.ide.mcu.externaltools.gnu-tools-for-stm32.13.3.rel1.win32_1.0.0.202411081344/tools/bin/../lib/gcc/arm-none-eabi/13.3.1/../../../../arm-none-eabi/lib/thumb/v7-m/nofp\libc_nano.a(libc_a-stdio.o)
 .ARM.attributes
                0x000005de       0x2d C:/ST/STM32CubeIDE_1.17.0/STM32CubeIDE/plugins/com.st.stm32cube.ide.mcu.externaltools.gnu-tools-for-stm32.13.3.rel1.win32_1.0.0.202411081344/tools/bin/../lib/gcc/arm-none-eabi/13.3.1/../../../../arm-none-eabi/lib/thumb/v7-m/nofp\libc_nano.a(libc_a-wbuf.o)
 .ARM.attributes
                0x0000060b       0x2d C:/ST/STM32CubeIDE_1.17.0/STM32CubeIDE/plugins/com.st.stm32cube.ide.mcu.externaltools.gnu-tools-for-stm32.13.3.rel1.win32_1.0.0.202411081344/tools/bin/../lib/gcc/arm-none-eabi/13.3.1/../../../../arm-none-eabi/lib/thumb/v7-m/nofp\libc_nano.a(libc_a-wsetup.o)
 .ARM.attributes
                0x00000638       0x2d C:/ST/STM32CubeIDE_1.17.0/STM32CubeIDE/plugins/com.st.stm32cube.ide.mcu.externaltools.gnu-tools-for-stm32.13.3.rel1.win32_1.0.0.202411081344/tools/bin/../lib/gcc/arm-none-eabi/13.3.1/../../../../arm-none-eabi/lib/thumb/v7-m/nofp\libc_nano.a(libc_a-memset.o)
 .ARM.attributes
                0x00000665       0x2d C:/ST/STM32CubeIDE_1.17.0/STM32CubeIDE/plugins/com.st.stm32cube.ide.mcu.externaltools.gnu-tools-for-stm32.13.3.rel1.win32_1.0.0.202411081344/tools/bin/../lib/gcc/arm-none-eabi/13.3.1/../../../../arm-none-eabi/lib/thumb/v7-m/nofp\libc_nano.a(libc_a-closer.o)
 .ARM.attributes
                0x00000692       0x2d C:/ST/STM32CubeIDE_1.17.0/STM32CubeIDE/plugins/com.st.stm32cube.ide.mcu.externaltools.gnu-tools-for-stm32.13.3.rel1.win32_1.0.0.202411081344/tools/bin/../lib/gcc/arm-none-eabi/13.3.1/../../../../arm-none-eabi/lib/thumb/v7-m/nofp\libc_nano.a(libc_a-reent.o)
 .ARM.attributes
                0x000006bf       0x2d C:/ST/STM32CubeIDE_1.17.0/STM32CubeIDE/plugins/com.st.stm32cube.ide.mcu.externaltools.gnu-tools-for-stm32.13.3.rel1.win32_1.0.0.202411081344/tools/bin/../lib/gcc/arm-none-eabi/13.3.1/../../../../arm-none-eabi/lib/thumb/v7-m/nofp\libc_nano.a(libc_a-impure.o)
 .ARM.attributes
                0x000006ec       0x2d C:/ST/STM32CubeIDE_1.17.0/STM32CubeIDE/plugins/com.st.stm32cube.ide.mcu.externaltools.gnu-tools-for-stm32.13.3.rel1.win32_1.0.0.202411081344/tools/bin/../lib/gcc/arm-none-eabi/13.3.1/../../../../arm-none-eabi/lib/thumb/v7-m/nofp\libc_nano.a(libc_a-lseekr.o)
 .ARM.attributes
                0x00000719       0x2d C:/ST/STM32CubeIDE_1.17.0/STM32CubeIDE/plugins/com.st.stm32cube.ide.mcu.externaltools.gnu-tools-for-stm32.13.3.rel1.win32_1.0.0.202411081344/tools/bin/../lib/gcc/arm-none-eabi/13.3.1/../../../../arm-none-eabi/lib/thumb/v7-m/nofp\libc_nano.a(libc_a-readr.o)
 .ARM.attributes
                0x00000746       0x2d C:/ST/STM32CubeIDE_1.17.0/STM32CubeIDE/plugins/com.st.stm32cube.ide.mcu.externaltools.gnu-tools-for-stm32.13.3.rel1.win32_1.0.0.202411081344/tools/bin/../lib/gcc/arm-none-eabi/13.3.1/../../../../arm-none-eabi/lib/thumb/v7-m/nofp\libc_nano.a(libc_a-writer.o)
 .ARM.attributes
                0x00000773       0x2d C:/ST/STM32CubeIDE_1.17.0/STM32CubeIDE/plugins/com.st.stm32cube.ide.mcu.externaltools.gnu-tools-for-stm32.13.3.rel1.win32_1.0.0.202411081344/tools/bin/../lib/gcc/arm-none-eabi/13.3.1/../../../../arm-none-eabi/lib/thumb/v7-m/nofp\libc_nano.a(libc_a-errno.o)
 .ARM.attributes
                0x000007a0       0x2d C:/ST/STM32CubeIDE_1.17.0/STM32CubeIDE/plugins/com.st.stm32cube.ide.mcu.externaltools.gnu-tools-for-stm32.13.3.rel1.win32_1.0.0.202411081344/tools/bin/../lib/gcc/arm-none-eabi/13.3.1/../../../../arm-none-eabi/lib/thumb/v7-m/nofp\libc_nano.a(libc_a-init.o)
 .ARM.attributes
                0x000007cd       0x2d C:/ST/STM32CubeIDE_1.17.0/STM32CubeIDE/plugins/com.st.stm32cube.ide.mcu.externaltools.gnu-tools-for-stm32.13.3.rel1.win32_1.0.0.202411081344/tools/bin/../lib/gcc/arm-none-eabi/13.3.1/../../../../arm-none-eabi/lib/thumb/v7-m/nofp\libc_nano.a(libc_a-lock.o)
 .ARM.attributes
                0x000007fa       0x2d C:/ST/STM32CubeIDE_1.17.0/STM32CubeIDE/plugins/com.st.stm32cube.ide.mcu.externaltools.gnu-tools-for-stm32.13.3.rel1.win32_1.0.0.202411081344/tools/bin/../lib/gcc/arm-none-eabi/13.3.1/../../../../arm-none-eabi/lib/thumb/v7-m/nofp\libc_nano.a(libc_a-freer.o)
 .ARM.attributes
                0x00000827       0x2d C:/ST/STM32CubeIDE_1.17.0/STM32CubeIDE/plugins/com.st.stm32cube.ide.mcu.externaltools.gnu-tools-for-stm32.13.3.rel1.win32_1.0.0.202411081344/tools/bin/../lib/gcc/arm-none-eabi/13.3.1/../../../../arm-none-eabi/lib/thumb/v7-m/nofp\libc_nano.a(libc_a-mallocr.o)
 .ARM.attributes
                0x00000854       0x2d C:/ST/STM32CubeIDE_1.17.0/STM32CubeIDE/plugins/com.st.stm32cube.ide.mcu.externaltools.gnu-tools-for-stm32.13.3.rel1.win32_1.0.0.202411081344/tools/bin/../lib/gcc/arm-none-eabi/13.3.1/../../../../arm-none-eabi/lib/thumb/v7-m/nofp\libc_nano.a(libc_a-mlock.o)
 .ARM.attributes
                0x00000881       0x2d C:/ST/STM32CubeIDE_1.17.0/STM32CubeIDE/plugins/com.st.stm32cube.ide.mcu.externaltools.gnu-tools-for-stm32.13.3.rel1.win32_1.0.0.202411081344/tools/bin/../lib/gcc/arm-none-eabi/13.3.1/../../../../arm-none-eabi/lib/thumb/v7-m/nofp\libc_nano.a(libc_a-nano-vfprintf.o)
 .ARM.attributes
                0x000008ae       0x2d C:/ST/STM32CubeIDE_1.17.0/STM32CubeIDE/plugins/com.st.stm32cube.ide.mcu.externaltools.gnu-tools-for-stm32.13.3.rel1.win32_1.0.0.202411081344/tools/bin/../lib/gcc/arm-none-eabi/13.3.1/../../../../arm-none-eabi/lib/thumb/v7-m/nofp\libc_nano.a(libc_a-nano-vfprintf_i.o)
 .ARM.attributes
                0x000008db       0x2d C:/ST/STM32CubeIDE_1.17.0/STM32CubeIDE/plugins/com.st.stm32cube.ide.mcu.externaltools.gnu-tools-for-stm32.13.3.rel1.win32_1.0.0.202411081344/tools/bin/../lib/gcc/arm-none-eabi/13.3.1/../../../../arm-none-eabi/lib/thumb/v7-m/nofp\libc_nano.a(libc_a-fflush.o)
 .ARM.attributes
                0x00000908       0x2d C:/ST/STM32CubeIDE_1.17.0/STM32CubeIDE/plugins/com.st.stm32cube.ide.mcu.externaltools.gnu-tools-for-stm32.13.3.rel1.win32_1.0.0.202411081344/tools/bin/../lib/gcc/arm-none-eabi/13.3.1/../../../../arm-none-eabi/lib/thumb/v7-m/nofp\libc_nano.a(libc_a-makebuf.o)
 .ARM.attributes
                0x00000935       0x2d C:/ST/STM32CubeIDE_1.17.0/STM32CubeIDE/plugins/com.st.stm32cube.ide.mcu.externaltools.gnu-tools-for-stm32.13.3.rel1.win32_1.0.0.202411081344/tools/bin/../lib/gcc/arm-none-eabi/13.3.1/../../../../arm-none-eabi/lib/thumb/v7-m/nofp\libc_nano.a(libc_a-fstatr.o)
 .ARM.attributes
                0x00000962       0x2d C:/ST/STM32CubeIDE_1.17.0/STM32CubeIDE/plugins/com.st.stm32cube.ide.mcu.externaltools.gnu-tools-for-stm32.13.3.rel1.win32_1.0.0.202411081344/tools/bin/../lib/gcc/arm-none-eabi/13.3.1/../../../../arm-none-eabi/lib/thumb/v7-m/nofp\libc_nano.a(libc_a-isattyr.o)
 .ARM.attributes
                0x0000098f       0x2d C:/ST/STM32CubeIDE_1.17.0/STM32CubeIDE/plugins/com.st.stm32cube.ide.mcu.externaltools.gnu-tools-for-stm32.13.3.rel1.win32_1.0.0.202411081344/tools/bin/../lib/gcc/arm-none-eabi/13.3.1/../../../../arm-none-eabi/lib/thumb/v7-m/nofp\libc_nano.a(libc_a-sbrkr.o)
 .ARM.attributes
                0x000009bc       0x2d C:/ST/STM32CubeIDE_1.17.0/STM32CubeIDE/plugins/com.st.stm32cube.ide.mcu.externaltools.gnu-tools-for-stm32.13.3.rel1.win32_1.0.0.202411081344/tools/bin/../lib/gcc/arm-none-eabi/13.3.1/../../../../arm-none-eabi/lib/thumb/v7-m/nofp\libc_nano.a(libc_a-memchr-stub.o)
 .ARM.attributes
                0x000009e9       0x1d C:/ST/STM32CubeIDE_1.17.0/STM32CubeIDE/plugins/com.st.stm32cube.ide.mcu.externaltools.gnu-tools-for-stm32.13.3.rel1.win32_1.0.0.202411081344/tools/bin/../lib/gcc/arm-none-eabi/13.3.1/thumb/v7-m/nofp/crtn.o
OUTPUT(Transmit.elf elf32-littlearm)
LOAD linker stubs
LOAD C:/ST/STM32CubeIDE_1.17.0/STM32CubeIDE/plugins/com.st.stm32cube.ide.mcu.externaltools.gnu-tools-for-stm32.13.3.rel1.win32_1.0.0.202411081344/tools/bin/../lib/gcc/arm-none-eabi/13.3.1/../../../../arm-none-eabi/lib/thumb/v7-m/nofp\libc.a
LOAD C:/ST/STM32CubeIDE_1.17.0/STM32CubeIDE/plugins/com.st.stm32cube.ide.mcu.externaltools.gnu-tools-for-stm32.13.3.rel1.win32_1.0.0.202411081344/tools/bin/../lib/gcc/arm-none-eabi/13.3.1/../../../../arm-none-eabi/lib/thumb/v7-m/nofp\libm.a
LOAD C:/ST/STM32CubeIDE_1.17.0/STM32CubeIDE/plugins/com.st.stm32cube.ide.mcu.externaltools.gnu-tools-for-stm32.13.3.rel1.win32_1.0.0.202411081344/tools/bin/../lib/gcc/arm-none-eabi/13.3.1/thumb/v7-m/nofp\libgcc.a

.debug_info     0x00000000    0x12ca6
 .debug_info    0x00000000     0x1071 ./Core/Src/NRF24.o
 .debug_info    0x00001071      0x98e ./Core/Src/adc.o
 .debug_info    0x000019ff      0x2cf ./Core/Src/dma.o
 .debug_info    0x00001cce      0x44e ./Core/Src/gpio.o
 .debug_info    0x0000211c     0x146f ./Core/Src/main.o
 .debug_info    0x0000358b      0x7bc ./Core/Src/spi.o
 .debug_info    0x00003d47      0x1f1 ./Core/Src/stm32f1xx_hal_msp.o
 .debug_info    0x00003f38      0xbdf ./Core/Src/stm32f1xx_it.o
 .debug_info    0x00004b17      0x6a3 ./Core/Src/syscalls.o
 .debug_info    0x000051ba      0x168 ./Core/Src/sysmem.o
 .debug_info    0x00005322      0x222 ./Core/Src/system_stm32f1xx.o
 .debug_info    0x00005544      0x9bb ./Core/Src/tim.o
 .debug_info    0x00005eff      0x982 ./Core/Src/usart.o
 .debug_info    0x00006881      0x2ea ./Core/Src/voice_proto.o
 .debug_info    0x00006b6b       0x30 ./Core/Startup/startup_stm32f103rbtx.o
 .debug_info    0x00006b9b      0x704 ./Drivers/STM32F1xx_HAL_Driver/Src/stm32f1xx_hal.o
 .debug_info    0x0000729f      0xc50 ./Drivers/STM32F1xx_HAL_Driver/Src/stm32f1xx_hal_adc.o
 .debug_info    0x00007eef      0xa10 ./Drivers/STM32F1xx_HAL_Driver/Src/stm32f1xx_hal_adc_ex.o
 .debug_info    0x000088ff      0xa87 ./Drivers/STM32F1xx_HAL_Driver/Src/stm32f1xx_hal_cortex.o
 .debug_info    0x00009386      0x6d2 ./Drivers/STM32F1xx_HAL_Driver/Src/stm32f1xx_hal_dma.o
 .debug_info    0x00009a58      0x5ab ./Drivers/STM32F1xx_HAL_Driver/Src/stm32f1xx_hal_gpio.o
 .debug_info    0x0000a003      0x7d5 ./Drivers/STM32F1xx_HAL_Driver/Src/stm32f1xx_hal_rcc.o
 .debug_info    0x0000a7d8      0x3c0 ./Drivers/STM32F1xx_HAL_Driver/Src/stm32f1xx_hal_rcc_ex.o
 .debug_info    0x0000ab98     0x142d ./Drivers/STM32F1xx_HAL_Driver/Src/stm32f1xx_hal_spi.o
 .debug_info    0x0000bfc5     0x2959 ./Drivers/STM32F1xx_HAL_Driver/Src/stm32f1xx_hal_tim.o
 .debug_info    0x0000e91e     0x149b ./Drivers/STM32F1xx_HAL_Driver/Src/stm32f1xx_hal_tim_ex.o
 .debug_info    0x0000fdb9     0x2eed ./Drivers/STM32F1xx_HAL_Driver/Src/stm32f1xx_hal_uart.o

.debug_abbrev   0x00000000     0x3504
 .debug_abbrev  0x00000000      0x338 ./Core/Src/NRF24.o
 .debug_abbrev  0x00000338      0x202 ./Core/Src/adc.o
 .debug_abbrev  0x0000053a       0xfc ./Core/Src/dma.o
 .debug_abbrev  0x00000636      0x161 ./Core/Src/gpio.o
 .debug_abbrev  0x00000797      0x378 ./Core/Src/main.o
 .debug_abbrev  0x00000b0f      0x1e7 ./Core/Src/spi.o
 .debug_abbrev  0x00000cf6       0xdb ./Core/Src/stm32f1xx_hal_msp.o
 .debug_abbrev  0x00000dd1      0x1db ./Core/Src/stm32f1xx_it.o
 .debug_abbrev  0x00000fac      0x1b6 ./Core/Src/syscalls.o
 .debug_abbrev  0x00001162       0xbc ./Core/Src/sysmem.o
 .debug_abbrev  0x0000121e      0x13f ./Core/Src/system_stm32f1xx.o
 .debug_abbrev  0x0000135d      0x20e ./Core/Src/tim.o
 .debug_abbrev  0x0000156b      0x20b ./Core/Src/usart.o
 .debug_abbrev  0x00001776      0x188 ./Core/Src/voice_proto.o
 .debug_abbrev  0x000018fe       0x24 ./Core/Startup/startup_stm32f103rbtx.o
 .debug_abbrev  0x00001922      0x201 ./Drivers/STM32F1xx_HAL_Driver/Src/stm32f1xx_hal.o
 .debug_abbrev  0x00001b23      0x225 ./Drivers/STM32F1xx_HAL_Driver/Src/stm32f1xx_hal_adc.o
 .debug_abbrev  0x00001d48      0x249 ./Drivers/STM32F1xx_HAL_Driver/Src/stm32f1xx_hal_adc_ex.o
 .debug_abbrev  0x00001f91      0x2f8 ./Drivers/STM32F1xx_HAL_Driver/Src/stm32f1xx_hal_cortex.o
 .debug_abbrev  0x00002289      0x20b ./Drivers/STM32F1xx_HAL_Driver/Src/stm32f1xx_hal_dma.o
 .debug_abbrev  0x00002494      0x1ca ./Drivers/STM32F1xx_HAL_Driver/Src/stm32f1xx_hal_gpio.o
 .debug_abbrev  0x0000265e      0x2b3 ./Drivers/STM32F1xx_HAL_Driver/Src/stm32f1xx_hal_rcc.o
 .debug_abbrev  0x00002911      0x188 ./Drivers/STM32F1xx_HAL_Driver/Src/stm32f1xx_hal_rcc_ex.o
 .debug_abbrev  0x00002a99      0x27a ./Drivers/STM32F1xx_HAL_Driver/Src/stm32f1xx_hal_spi.o
 .debug_abbrev  0x00002d13      0x277 ./Drivers/STM32F1xx_HAL_Driver/Src/stm32f1xx_hal_tim.o
 .debug_abbrev  0x00002f8a      0x282 ./Drivers/STM32F1xx_HAL_Driver/Src/stm32f1xx_hal_tim_ex.o
 .debug_abbrev  0x0000320c      0x2f8 ./Drivers/STM32F1xx_HAL_Driver/Src/stm32f1xx_hal_uart.o

.debug_aranges  0x00000000     0x1338
 .debug_aranges
                0x00000000      0x1a8 ./Core/Src/NRF24.o
 .debug_aranges
                0x000001a8       0x30 ./Core/Src/adc.o
 .debug_aranges
                0x000001d8       0x20 ./Core/Src/dma.o
 .debug_aranges
                0x000001f8       0x20 ./Core/Src/gpio.o
 .debug_aranges
                0x00000218       0x88 ./Core/Src/main.o
 .debug_aranges
                0x000002a0       0x30 ./Core/Src/spi.o
 .debug_aranges
                0x000002d0       0x20 ./Core/Src/stm32f1xx_hal_msp.o
 .debug_aranges
                0x000002f0       0x88 ./Core/Src/stm32f1xx_it.o
 .debug_aranges
                0x00000378       0xa8 ./Core/Src/syscalls.o
 .debug_aranges
                0x00000420       0x20 ./Core/Src/sysmem.o
 .debug_aranges
                0x00000440       0x28 ./Core/Src/system_stm32f1xx.o
 .debug_aranges
                0x00000468       0x30 ./Core/Src/tim.o
 .debug_aranges
                0x00000498       0x38 ./Core/Src/usart.o
 .debug_aranges
                0x000004d0       0x48 ./Core/Src/voice_proto.o
 .debug_aranges
                0x00000518       0x28 ./Core/Startup/startup_stm32f103rbtx.o
 .debug_aranges
                0x00000540       0xe0 ./Drivers/STM32F1xx_HAL_Driver/Src/stm32f1xx_hal.o
 .debug_aranges
                0x00000620       0xf0 ./Drivers/STM32F1xx_HAL_Driver/Src/stm32f1xx_hal_adc.o
 .debug_aranges
                0x00000710       0x80 ./Drivers/STM32F1xx_HAL_Driver/Src/stm32f1xx_hal_adc_ex.o
 .debug_aranges
                0x00000790      0x100 ./Drivers/STM32F1xx_HAL_Driver/Src/stm32f1xx_hal_cortex.o
 .debug_aranges
                0x00000890       0x80 ./Drivers/STM32F1xx_HAL_Driver/Src/stm32f1xx_hal_dma.o
 .debug_aranges
                0x00000910       0x58 ./Drivers/STM32F1xx_HAL_Driver/Src/stm32f1xx_hal_gpio.o
 .debug_aranges
                0x00000968       0x90 ./Drivers/STM32F1xx_HAL_Driver/Src/stm32f1xx_hal_rcc.o
 .debug_aranges
                0x000009f8       0x30 ./Drivers/STM32F1xx_HAL_Driver/Src/stm32f1xx_hal_rcc_ex.o
 .debug_aranges
                0x00000a28      0x1d0 ./Drivers/STM32F1xx_HAL_Driver/Src/stm32f1xx_hal_spi.o
 .debug_aranges
                0x00000bf8      0x3d0 ./Drivers/STM32F1xx_HAL_Driver/Src/stm32f1xx_hal_tim.o
 .debug_aranges
                0x00000fc8      0x168 ./Drivers/STM32F1xx_HAL_Driver/Src/stm32f1xx_hal_tim_ex.o
 .debug_aranges
                0x00001130      0x208 ./Drivers/STM32F1xx_HAL_Driver/Src/stm32f1xx_hal_uart.o

.debug_rnglists
                0x00000000      0xecb
 .debug_rnglists
                0x00000000      0x13c ./Core/Src/NRF24.o
 .debug_rnglists
                0x0000013c       0x21 ./Core/Src/adc.o
 .debug_rnglists
                0x0000015d       0x13 ./Core/Src/dma.o
 .debug_rnglists
                0x00000170       0x14 ./Core/Src/gpio.o
 .debug_rnglists
                0x00000184       0x63 ./Core/Src/main.o
 .debug_rnglists
                0x000001e7       0x20 ./Core/Src/spi.o
 .debug_rnglists
                0x00000207       0x13 ./Core/Src/stm32f1xx_hal_msp.o
 .debug_rnglists
                0x0000021a       0x61 ./Core/Src/stm32f1xx_it.o
 .debug_rnglists
                0x0000027b       0x79 ./Core/Src/syscalls.o
 .debug_rnglists
                0x000002f4       0x13 ./Core/Src/sysmem.o
 .debug_rnglists
                0x00000307       0x1a ./Core/Src/system_stm32f1xx.o
 .debug_rnglists
                0x00000321       0x20 ./Core/Src/tim.o
 .debug_rnglists
                0x00000341       0x26 ./Core/Src/usart.o
 .debug_rnglists
                0x00000367       0x33 ./Core/Src/voice_proto.o
 .debug_rnglists
                0x0000039a       0x19 ./Core/Startup/startup_stm32f103rbtx.o
 .debug_rnglists
                0x000003b3       0xa3 ./Drivers/STM32F1xx_HAL_Driver/Src/stm32f1xx_hal.o
 .debug_rnglists
                0x00000456       0xbc ./Drivers/STM32F1xx_HAL_Driver/Src/stm32f1xx_hal_adc.o
 .debug_rnglists
                0x00000512       0x65 ./Drivers/STM32F1xx_HAL_Driver/Src/stm32f1xx_hal_adc_ex.o
 .debug_rnglists
                0x00000577       0xbb ./Drivers/STM32F1xx_HAL_Driver/Src/stm32f1xx_hal_cortex.o
 .debug_rnglists
                0x00000632       0x64 ./Drivers/STM32F1xx_HAL_Driver/Src/stm32f1xx_hal_dma.o
 .debug_rnglists
                0x00000696       0x3f ./Drivers/STM32F1xx_HAL_Driver/Src/stm32f1xx_hal_gpio.o
 .debug_rnglists
                0x000006d5       0x6c ./Drivers/STM32F1xx_HAL_Driver/Src/stm32f1xx_hal_rcc.o
 .debug_rnglists
                0x00000741       0x21 ./Drivers/STM32F1xx_HAL_Driver/Src/stm32f1xx_hal_rcc_ex.o
 .debug_rnglists
                0x00000762      0x16e ./Drivers/STM32F1xx_HAL_Driver/Src/stm32f1xx_hal_spi.o
 .debug_rnglists
                0x000008d0      0x31a ./Drivers/STM32F1xx_HAL_Driver/Src/stm32f1xx_hal_tim.o
 .debug_rnglists
                0x00000bea      0x125 ./Drivers/STM32F1xx_HAL_Driver/Src/stm32f1xx_hal_tim_ex.o
 .debug_rnglists
                0x00000d0f      0x1bc ./Drivers/STM32F1xx_HAL_Driver/Src/stm32f1xx_hal_uart.o

.debug_macro    0x00000000    0x1ac3b
 .debug_macro   0x00000000      0x2b7 ./Core/Src/NRF24.o
 .debug_macro   0x000002b7      0xacc ./Core/Src/NRF24.o
 .debug_macro   0x00000d83       0x22 ./Core/Src/NRF24.o
 .debug_macro   0x00000da5       0x5b ./Core/Src/NRF24.o
 .debug_macro   0x00000e00       0x24 ./Core/Src/NRF24.o
 .debug_macro   0x00000e24       0x94 ./Core/Src/NRF24.o
 .debug_macro   0x00000eb8       0x43 ./Core/Src/NRF24.o
 .debug_macro   0x00000efb       0x34 ./Core/Src/NRF24.o
 .debug_macro   0x00000f2f       0x16 ./Core/Src/NRF24.o
 .debug_macro   0x00000f45       0x57 ./Core/Src/NRF24.o
 .debug_macro   0x00000f9c       0x9e ./Core/Src/NRF24.o
 .debug_macro   0x0000103a      0x370 ./Core/Src/NRF24.o
 .debug_macro   0x000013aa      0x112 ./Core/Src/NRF24.o
 .debug_macro   0x000014bc       0x10 ./Core/Src/NRF24.o
 .debug_macro   0x000014cc       0x16 ./Core/Src/NRF24.o
 .debug_macro   0x000014e2       0x4a ./Core/Src/NRF24.o
 .debug_macro   0x0000152c       0x34 ./Core/Src/NRF24.o
 .debug_macro   0x00001560       0x10 ./Core/Src/NRF24.o
 .debug_macro   0x00001570       0x58 ./Core/Src/NRF24.o
 .debug_macro   0x000015c8       0x8e ./Core/Src/NRF24.o
 .debug_macro   0x00001656       0x1c ./Core/Src/NRF24.o
 .debug_macro   0x00001672      0x185 ./Core/Src/NRF24.o
 .debug_macro   0x000017f7       0x16 ./Core/Src/NRF24.o
 .debug_macro   0x0000180d       0x16 ./Core/Src/NRF24.o
 .debug_macro   0x00001823      0x146 ./Core/Src/NRF24.o
 .debug_macro   0x00001969      0x22d ./Core/Src/NRF24.o
 .debug_macro   0x00001b96       0x2e ./Core/Src/NRF24.o
 .debug_macro   0x00001bc4       0x22 ./Core/Src/NRF24.o
 .debug_macro   0x00001be6      0x103 ./Core/Src/NRF24.o
 .debug_macro   0x00001ce9       0x6a ./Core/Src/NRF24.o
 .debug_macro   0x00001d53      0x1df ./Core/Src/NRF24.o
 .debug_macro   0x00001f32       0x1c ./Core/Src/NRF24.o
 .debug_macro   0x00001f4e       0x22 ./Core/Src/NRF24.o
 .debug_macro   0x00001f70       0xbd ./Core/Src/NRF24.o
 .debug_macro   0x0000202d      0xd23 ./Core/Src/NRF24.o
 .debug_macro   0x00002d50     0xe09e ./Core/Src/NRF24.o
 .debug_macro   0x00010dee       0x6d ./Core/Src/NRF24.o
 .debug_macro   0x00010e5b     0x34a2 ./Core/Src/NRF24.o
 .debug_macro   0x000142fd       0x56 ./Core/Src/NRF24.o
 .debug_macro   0x00014353      0x5bc ./Core/Src/NRF24.o
 .debug_macro   0x0001490f      0x289 ./Core/Src/NRF24.o
 .debug_macro   0x00014b98      0x1cb ./Core/Src/NRF24.o
 .debug_macro   0x00014d63      0x114 ./Core/Src/NRF24.o
 .debug_macro   0x00014e77      0x1b2 ./Core/Src/NRF24.o
 .debug_macro   0x00015029       0x27 ./Core/Src/NRF24.o
 .debug_macro   0x00015050      0x136 ./Core/Src/NRF24.o
 .debug_macro   0x00015186      0x1bc ./Core/Src/NRF24.o
 .debug_macro   0x00015342       0x34 ./Core/Src/NRF24.o
 .debug_macro   0x00015376       0x3c ./Core/Src/NRF24.o
 .debug_macro   0x000153b2       0x57 ./Core/Src/NRF24.o
 .debug_macro   0x00015409      0x46a ./Core/Src/NRF24.o
 .debug_macro   0x00015873      0x1b5 ./Core/Src/NRF24.o
 .debug_macro   0x00015a28       0x87 ./Core/Src/NRF24.o
 .debug_macro   0x00015aaf      0x240 ./Core/Src/NRF24.o
 .debug_macro   0x00015cef      0x140 ./Core/Src/NRF24.o
 .debug_macro   0x00015e2f      0x217 ./Core/Src/NRF24.o
 .debug_macro   0x00016046      0x8ed ./Core/Src/NRF24.o
 .debug_macro   0x00016933      0x28e ./Core/Src/NRF24.o
 .debug_macro   0x00016bc1       0x83 ./Core/Src/NRF24.o
 .debug_macro   0x00016c44       0x46 ./Core/Src/NRF24.o
 .debug_macro   0x00016c8a       0x3a ./Core/Src/NRF24.o
 .debug_macro   0x00016cc4      0x232 ./Core/Src/NRF24.o
 .debug_macro   0x00016ef6       0x10 ./Core/Src/NRF24.o
 .debug_macro   0x00016f06      0x1da ./Core/Src/adc.o
 .debug_macro   0x000170e0       0x8e ./Core/Src/adc.o
 .debug_macro   0x0001716e       0x51 ./Core/Src/adc.o
 .debug_macro   0x000171bf      0x190 ./Core/Src/adc.o
 .debug_macro   0x0001734f       0x5c ./Core/Src/adc.o
 .debug_macro   0x000173ab       0x40 ./Core/Src/adc.o
 .debug_macro   0x000173eb      0x1da ./Core/Src/dma.o
 .debug_macro   0x000175c5      0x1da ./Core/Src/gpio.o
 .debug_macro   0x0001779f      0x38c ./Core/Src/main.o
 .debug_macro   0x00017b2b       0x61 ./Core/Src/main.o
 .debug_macro   0x00017b8c       0x3c ./Core/Src/main.o
 .debug_macro   0x00017bc8       0x16 ./Core/Src/main.o
 .debug_macro   0x00017bde       0x20 ./Core/Src/main.o
 .debug_macro   0x00017bfe       0x22 ./Core/Src/main.o
 .debug_macro   0x00017c20       0x16 ./Core/Src/main.o
 .debug_macro   0x00017c36       0x16 ./Core/Src/main.o
 .debug_macro   0x00017c4c       0x29 ./Core/Src/main.o
 .debug_macro   0x00017c75      0x1da ./Core/Src/spi.o
 .debug_macro   0x00017e4f      0x1de ./Core/Src/stm32f1xx_hal_msp.o
 .debug_macro   0x0001802d      0x1da ./Core/Src/stm32f1xx_it.o
 .debug_macro   0x00018207      0x274 ./Core/Src/syscalls.o
 .debug_macro   0x0001847b       0x10 ./Core/Src/syscalls.o
 .debug_macro   0x0001848b       0x10 ./Core/Src/syscalls.o
 .debug_macro   0x0001849b       0x10 ./Core/Src/syscalls.o
 .debug_macro   0x000184ab       0x10 ./Core/Src/syscalls.o
 .debug_macro   0x000184bb       0x1c ./Core/Src/syscalls.o
 .debug_macro   0x000184d7       0x52 ./Core/Src/syscalls.o
 .debug_macro   0x00018529       0x22 ./Core/Src/syscalls.o
 .debug_macro   0x0001854b       0x10 ./Core/Src/syscalls.o
 .debug_macro   0x0001855b       0x52 ./Core/Src/syscalls.o
 .debug_macro   0x000185ad       0xcf ./Core/Src/syscalls.o
 .debug_macro   0x0001867c       0x1c ./Core/Src/syscalls.o
 .debug_macro   0x00018698       0x3d ./Core/Src/syscalls.o
 .debug_macro   0x000186d5       0x35 ./Core/Src/syscalls.o
 .debug_macro   0x0001870a      0x12c ./Core/Src/syscalls.o