../Core/Inc/NRF24.h:357:20:nrf24_set_payload_size	1
../Core/Src/main.c:142:5:main	2
../Core/Src/main.c:212:6:SystemClock_Config	4
../Core/Src/main.c:255:13:joystick_is_active	4
../Core/Src/main.c:261:6:nrf24_transmitter_setup	1
../Core/Src/main.c:285:5:__io_putchar	1
../Core/Src/main.c:292:6:transmit_sensor_data	14
../Core/Src/main.c:370:6:HAL_TIM_PeriodElapsedCallback	2
../Core/Src/main.c:381:6:HAL_ADC_ConvCpltCallback	2
../Core/Src/main.c:393:6:HAL_ADC_ErrorCallback	2
../Core/Src/main.c:403:6:HAL_UART_RxCpltCallback	2
../Core/Src/main.c:412:6:HAL_UART_ErrorCallback	2
../Core/Src/main.c:427:6:Error_Handler	1
